Archive member included to satisfy reference by file (symbol)

.pio/build/uno_r4_minima/libFrameworkArduinoVariant.a(main.c.o)
                              /root/.platformio/packages/toolchain-gccarmnoneeabi/bin/../lib/gcc/arm-none-eabi/7.2.1/../../../../arm-none-eabi/lib/thumb/v7e-m/fpv4-sp/hard/crt0.o (main)
.pio/build/uno_r4_minima/libFrameworkArduino.a(Print.cpp.o)
                              .pio/build/uno_r4_minima/src/main.cpp.o (arduino::Print::println(char const*))
.pio/build/uno_r4_minima/libFrameworkArduino.a(digital.cpp.o)
                              .pio/build/uno_r4_minima/src/main.cpp.o (pinMode)
.pio/build/uno_r4_minima/libFrameworkArduino.a(main.cpp.o)
                              .pio/build/uno_r4_minima/libFrameworkArduino.a(Print.cpp.o) (__cxa_pure_virtual)
.pio/build/uno_r4_minima/libFrameworkArduino.a(pulse.cpp.o)
                              .pio/build/uno_r4_minima/src/main.cpp.o (pulseIn)
.pio/build/uno_r4_minima/libFrameworkArduino.a(time.cpp.o)
                              .pio/build/uno_r4_minima/src/main.cpp.o (delayMicroseconds)
.pio/build/uno_r4_minima/libFrameworkArduino.a(SerialUSB.cpp.o)
                              .pio/build/uno_r4_minima/src/main.cpp.o (_SerialUSB::begin(unsigned long))
.pio/build/uno_r4_minima/libFrameworkArduino.a(USB.cpp.o)
                              .pio/build/uno_r4_minima/libFrameworkArduino.a(main.cpp.o) (__USBStart())
.pio/build/uno_r4_minima/libFrameworkArduino.a(vector_table.c.o)
                              .pio/build/uno_r4_minima/libFrameworkArduino.a(main.cpp.o) (g_vector_table)
.pio/build/uno_r4_minima/libFrameworkArduino.a(FspTimer.cpp.o)
                              .pio/build/uno_r4_minima/libFrameworkArduino.a(time.cpp.o) (FspTimer::FspTimer())
.pio/build/uno_r4_minima/libFrameworkArduino.a(IRQManager.cpp.o)
                              .pio/build/uno_r4_minima/libFrameworkArduino.a(USB.cpp.o) (IRQManager::getInstance())
.pio/build/uno_r4_minima/libFrameworkArduino.a(analog.cpp.o)
                              .pio/build/uno_r4_minima/libFrameworkArduino.a(main.cpp.o) (analogReference())
.pio/build/uno_r4_minima/libFrameworkArduino.a(Common.cpp.o)
                              .pio/build/uno_r4_minima/libFrameworkArduino.a(analog.cpp.o) (map(long, long, long, long, long))
.pio/build/uno_r4_minima/libFrameworkArduino.a(boot.cpp.o)
                              .pio/build/uno_r4_minima/libFrameworkArduino.a(SerialUSB.cpp.o) (goBootloader())
.pio/build/uno_r4_minima/libFrameworkArduino.a(dac.cpp.o)
                              .pio/build/uno_r4_minima/libFrameworkArduino.a(analog.cpp.o) (CDac::analogWrite(int))
.pio/build/uno_r4_minima/libFrameworkArduino.a(pinDefinitions.cpp.o)
                              .pio/build/uno_r4_minima/libFrameworkArduino.a(analog.cpp.o) (pinPeripheral(e_bsp_io_port_pin_t, unsigned long))
.pio/build/uno_r4_minima/libFrameworkArduino.a(pwm.cpp.o)
                              .pio/build/uno_r4_minima/libFrameworkArduino.a(analog.cpp.o) (PwmOut::PwmOut(int))
.pio/build/uno_r4_minima/libFrameworkArduino.a(cdc_device.c.o)
                              .pio/build/uno_r4_minima/libFrameworkArduino.a(SerialUSB.cpp.o) (tud_cdc_n_connected)
.pio/build/uno_r4_minima/libFrameworkArduino.a(tusb_fifo.c.o)
                              .pio/build/uno_r4_minima/libFrameworkArduino.a(cdc_device.c.o) (tu_fifo_config)
.pio/build/uno_r4_minima/libFrameworkArduino.a(usbd.c.o)
                              .pio/build/uno_r4_minima/libFrameworkArduino.a(SerialUSB.cpp.o) (usbd_int_set)
.pio/build/uno_r4_minima/libFrameworkArduino.a(usbd_control.c.o)
                              .pio/build/uno_r4_minima/libFrameworkArduino.a(cdc_device.c.o) (tud_control_status)
.pio/build/uno_r4_minima/libFrameworkArduino.a(dcd_rusb2.c.o)
                              .pio/build/uno_r4_minima/libFrameworkArduino.a(usbd.c.o) (dcd_int_enable)
.pio/build/uno_r4_minima/libFrameworkArduino.a(rusb2_common.c.o)
                              .pio/build/uno_r4_minima/libFrameworkArduino.a(USB.cpp.o) (tusb_rusb2_set_irqnum)
.pio/build/uno_r4_minima/libFrameworkArduino.a(tusb.c.o)
                              .pio/build/uno_r4_minima/libFrameworkArduino.a(USB.cpp.o) (tusb_inited)
.pio/build/uno_r4_minima/libFrameworkArduino.a(variant_helper.cpp.o)
                              .pio/build/uno_r4_minima/libFrameworkArduino.a(analog.cpp.o) (getPinCfgs(unsigned char, PinCfgReq_t))
.pio/build/uno_r4_minima/libFrameworkArduino.a(dfu_rt_device.c.o)
                              .pio/build/uno_r4_minima/libFrameworkArduino.a(usbd.c.o) (dfu_rtd_init)
.pio/build/uno_r4_minima/libFrameworkArduino.a(hid_device.c.o)
                              .pio/build/uno_r4_minima/libFrameworkArduino.a(usbd.c.o) (hidd_reset)
/root/.platformio/packages/framework-arduinorenesas-uno/variants/MINIMA/libs/libfsp.a(r_wdt.o)
                              .pio/build/uno_r4_minima/libFrameworkArduino.a(SerialUSB.cpp.o) (R_WDT_Open)
[...]
Memory Configuration

Name             Origin             Length             Attributes
FLASH            0x0000000000004000 0x000000000003c000 xr
RAM              0x0000000020000000 0x0000000000008000 xrw
DATA_FLASH       0x0000000040100000 0x0000000000002000 xr
OPTION_SETTING   0x0000000000000000 0x0000000000000000 r
OPTION_SETTING_S 0x0000000000000000 0x0000000000000000 r
ID_CODE          0x0000000001010018 0x0000000000000020 xr
*default*        0x0000000000000000 0xffffffffffffffff

Linker script and memory map

LOAD /root/.platformio/packages/toolchain-gccarmnoneeabi/bin/../lib/gcc/arm-none-eabi/7.2.1/thumb/v7e-m/fpv4-sp/hard/crti.o
LOAD /root/.platformio/packages/toolchain-gccarmnoneeabi/bin/../lib/gcc/arm-none-eabi/7.2.1/thumb/v7e-m/fpv4-sp/hard/crtbegin.o
LOAD /root/.platformio/packages/toolchain-gccarmnoneeabi/bin/../lib/gcc/arm-none-eabi/7.2.1/../../../../arm-none-eabi/lib/thumb/v7e-m/fpv4-sp/hard/crt0.o
LOAD .pio/build/uno_r4_minima/src/main.cpp.o
START GROUP
LOAD .pio/build/uno_r4_minima/libFrameworkArduinoVariant.a
LOAD .pio/build/uno_r4_minima/libFrameworkArduino.a
LOAD /root/.platformio/packages/framework-arduinorenesas-uno/variants/MINIMA/libs/libfsp.a
LOAD /root/.platformio/packages/toolchain-gccarmnoneeabi/bin/../lib/gcc/arm-none-eabi/7.2.1/../../../../arm-none-eabi/lib/thumb/v7e-m/fpv4-sp/hard/libstdc++_nano.a
LOAD /root/.platformio/packages/toolchain-gccarmnoneeabi/bin/../lib/gcc/arm-none-eabi/7.2.1/../../../../arm-none-eabi/lib/thumb/v7e-m/fpv4-sp/hard/libsupc++_nano.a
LOAD /root/.platformio/packages/toolchain-gccarmnoneeabi/bin/../lib/gcc/arm-none-eabi/7.2.1/thumb/v7e-m/fpv4-sp/hard/libgcc.a
LOAD /root/.platformio/packages/toolchain-gccarmnoneeabi/bin/../lib/gcc/arm-none-eabi/7.2.1/../../../../arm-none-eabi/lib/thumb/v7e-m/fpv4-sp/hard/libnosys.a
END GROUP
LOAD /root/.platformio/packages/toolchain-gccarmnoneeabi/bin/../lib/gcc/arm-none-eabi/7.2.1/../../../../arm-none-eabi/lib/thumb/v7e-m/fpv4-sp/hard/libstdc++_nano.a
LOAD /root/.platformio/packages/toolchain-gccarmnoneeabi/bin/../lib/gcc/arm-none-eabi/7.2.1/../../../../arm-none-eabi/lib/thumb/v7e-m/fpv4-sp/hard/libm.a
LOAD /root/.platformio/packages/toolchain-gccarmnoneeabi/bin/../lib/gcc/arm-none-eabi/7.2.1/../../../../arm-none-eabi/lib/thumb/v7e-m/fpv4-sp/hard/libc_nano.a
START GROUP
LOAD /root/.platformio/packages/toolchain-gccarmnoneeabi/bin/../lib/gcc/arm-none-eabi/7.2.1/thumb/v7e-m/fpv4-sp/hard/libgcc.a
LOAD /root/.platformio/packages/toolchain-gccarmnoneeabi/bin/../lib/gcc/arm-none-eabi/7.2.1/../../../../arm-none-eabi/lib/thumb/v7e-m/fpv4-sp/hard/libc_nano.a
END GROUP
START GROUP
LOAD /root/.platformio/packages/toolchain-gccarmnoneeabi/bin/../lib/gcc/arm-none-eabi/7.2.1/thumb/v7e-m/fpv4-sp/hard/libgcc.a
LOAD /root/.platformio/packages/toolchain-gccarmnoneeabi/bin/../lib/gcc/arm-none-eabi/7.2.1/../../../../arm-none-eabi/lib/thumb/v7e-m/fpv4-sp/hard/libc_nano.a
LOAD /root/.platformio/packages/toolchain-gccarmnoneeabi/bin/../lib/gcc/arm-none-eabi/7.2.1/../../../../arm-none-eabi/lib/thumb/v7e-m/fpv4-sp/hard/libnosys.a
END GROUP
START GROUP
LOAD /root/.platformio/packages/toolchain-gccarmnoneeabi/bin/../lib/gcc/arm-none-eabi/7.2.1/thumb/v7e-m/fpv4-sp/hard/libgcc.a
LOAD /root/.platformio/packages/toolchain-gccarmnoneeabi/bin/../lib/gcc/arm-none-eabi/7.2.1/../../../../arm-none-eabi/lib/thumb/v7e-m/fpv4-sp/hard/libc_nano.a
LOAD /root/.platformio/packages/toolchain-gccarmnoneeabi/bin/../lib/gcc/arm-none-eabi/7.2.1/../../../../arm-none-eabi/lib/thumb/v7e-m/fpv4-sp/hard/libnosys.a
END GROUP
LOAD /root/.platformio/packages/toolchain-gccarmnoneeabi/bin/../lib/gcc/arm-none-eabi/7.2.1/thumb/v7e-m/fpv4-sp/hard/crtend.o
LOAD /root/.platformio/packages/toolchain-gccarmnoneeabi/bin/../lib/gcc/arm-none-eabi/7.2.1/thumb/v7e-m/fpv4-sp/hard/crtn.o
                0x0000000020000000                RAM_START = 0x20000000
                0x0000000000008000                RAM_LENGTH = 0x8000
                0x0000000000000000                FLASH_START = 0x0
                0x0000000000040000                FLASH_LENGTH = 0x40000
                0x0000000040100000                DATA_FLASH_START = 0x40100000
                0x0000000000002000                DATA_FLASH_LENGTH = 0x2000
                0x0000000000000000                OPTION_SETTING_START = 0x0
                0x0000000000000000                OPTION_SETTING_LENGTH = 0x0
                0x0000000000000000                OPTION_SETTING_S_START = 0x0
                0x0000000000000000                OPTION_SETTING_S_LENGTH = 0x0
                0x0000000001010018                ID_CODE_START = 0x1010018
                0x0000000000000020                ID_CODE_LENGTH = 0x20
                0x0000000090000000                SDRAM_START = 0x90000000
                0x0000000000000000                SDRAM_LENGTH = 0x0
                0x0000000060000000                QSPI_FLASH_START = 0x60000000
                0x0000000000000000                QSPI_FLASH_LENGTH = 0x0
                0x0000000068000000                OSPI_DEVICE_0_START = 0x68000000
                0x0000000000000000                OSPI_DEVICE_0_LENGTH = 0x0
                0x0000000070000000                OSPI_DEVICE_1_START = 0x70000000
                0x0000000000000000                OSPI_DEVICE_1_LENGTH = 0x0
                0x0000000000004000                FLASH_IMAGE_START = 0x4000
                0x0000000000000100                VECTOR_TABLE_LENGTH = 0x100
                0x0000000000000400                BSP_CFG_STACK_MAIN_BYTES = 0x400
START GROUP
LOAD /root/.platformio/packages/toolchain-gccarmnoneeabi/bin/../lib/gcc/arm-none-eabi/7.2.1/thumb/v7e-m/fpv4-sp/hard/libgcc.a
LOAD /root/.platformio/packages/toolchain-gccarmnoneeabi/bin/../lib/gcc/arm-none-eabi/7.2.1/../../../../arm-none-eabi/lib/thumb/v7e-m/fpv4-sp/hard/libc.a
LOAD /root/.platformio/packages/toolchain-gccarmnoneeabi/bin/../lib/gcc/arm-none-eabi/7.2.1/../../../../arm-none-eabi/lib/thumb/v7e-m/fpv4-sp/hard/libm.a
LOAD /root/.platformio/packages/toolchain-gccarmnoneeabi/bin/../lib/gcc/arm-none-eabi/7.2.1/../../../../arm-none-eabi/lib/thumb/v7e-m/fpv4-sp/hard/libnosys.a
END GROUP

.text           0x0000000000004000     0x883c
                0x0000000000000000                __tz_FLASH_S = ABSOLUTE (FLASH_START)
                0x0000000000004000                __ROM_Start = .
 *(.sketch_boot)
                0x0000000000004000                . = ALIGN (0x800)
 *(.fixed_vectors*)
 .fixed_vectors
                0x0000000000004000       0x40 /root/.platformio/packages/framework-arduinorenesas-uno/variants/MINIMA/libs/libfsp.a(startup.o)
                0x0000000000004000                __Vectors
 *(.application_vectors*)
 .application_vectors
                0x0000000000004040       0x80 .pio/build/uno_r4_minima/libFrameworkArduino.a(vector_table.c.o)
                0x0000000000004040                g_vector_table
                0x00000000000040c0                __Vectors_End = .
 *(.text*)
 .text          0x00000000000040c0       0x40 /root/.platformio/packages/toolchain-gccarmnoneeabi/bin/../lib/gcc/arm-none-eabi/7.2.1/thumb/v7e-m/fpv4-sp/hard/crtbegin.o
 .text.loop     0x0000000000004100       0xa0 .pio/build/uno_r4_minima/src/main.cpp.o
                0x0000000000004100                loop
 .text.setup    0x00000000000041a0       0x10 .pio/build/uno_r4_minima/src/main.cpp.o
                0x00000000000041a0                setup
 .text.startup.main
                0x00000000000041b0        0xa .pio/build/uno_r4_minima/libFrameworkArduinoVariant.a(main.c.o)
                0x00000000000041b0                main
 .text._ZN7arduino5Print5writeEPKc.part.2
                0x00000000000041ba       0x1e .pio/build/uno_r4_minima/libFrameworkArduino.a(Print.cpp.o)
 .text._ZN7arduino5Print5writeEPKc
                0x00000000000041d8        0xa .pio/build/uno_r4_minima/libFrameworkArduino.a(Print.cpp.o)
                0x00000000000041d8                arduino::Print::write(char const*)
 .text._ZN7arduino5Print5printEc
                0x00000000000041e2        0x8 .pio/build/uno_r4_minima/libFrameworkArduino.a(Print.cpp.o)
                0x00000000000041e2                arduino::Print::print(char)
 *fill*         0x00000000000041ea        0x2 ff
 .text._ZN7arduino5Print7printlnEv
                0x00000000000041ec        0xc .pio/build/uno_r4_minima/libFrameworkArduino.a(Print.cpp.o)
                0x00000000000041ec                arduino::Print::println()
 .text._ZN7arduino5Print7printlnEPKc
                0x00000000000041f8       0x14 .pio/build/uno_r4_minima/libFrameworkArduino.a(Print.cpp.o)
                0x00000000000041f8                arduino::Print::println(char const*)
 .text._ZN7arduino5Print11printNumberEmh
                0x000000000000420c       0x3c .pio/build/uno_r4_minima/libFrameworkArduino.a(Print.cpp.o)
                0x000000000000420c                arduino::Print::printNumber(unsigned long, unsigned char)
 .text._ZN7arduino5Print10printFloatEdi
                0x0000000000004248      0x17c .pio/build/uno_r4_minima/libFrameworkArduino.a(Print.cpp.o)
                0x0000000000004248                arduino::Print::printFloat(double, int)
 .text._ZN7arduino5Print7printlnEdi
                0x00000000000043c4       0x14 .pio/build/uno_r4_minima/libFrameworkArduino.a(Print.cpp.o)
                0x00000000000043c4                arduino::Print::println(double, int)
 .text.pinMode  0x00000000000043d8       0x30 .pio/build/uno_r4_minima/libFrameworkArduino.a(digital.cpp.o)
                0x00000000000043d8                pinMode
 .text.digitalWrite
                0x0000000000004408       0x18 .pio/build/uno_r4_minima/libFrameworkArduino.a(digital.cpp.o)
                0x0000000000004408                digitalWrite
 .text.R_BSP_PinAccessEnable
                0x0000000000004420       0x2c .pio/build/uno_r4_minima/libFrameworkArduino.a(main.cpp.o)
 .text.start_freertos_on_header_inclusion
                0x000000000000444c        0x2 .pio/build/uno_r4_minima/libFrameworkArduino.a(main.cpp.o)
                0x000000000000444c                start_freertos_on_header_inclusion
 .text.early_start_freertos_on_header_inclusion
                0x000000000000444e        0x2 .pio/build/uno_r4_minima/libFrameworkArduino.a(main.cpp.o)
                0x000000000000444e                early_start_freertos_on_header_inclusion
 .text.atexit   0x0000000000004450        0x4 .pio/build/uno_r4_minima/libFrameworkArduino.a(main.cpp.o)
                0x0000000000004450                atexit
 .text._Z12arduino_mainv
                0x0000000000004454       0x84 .pio/build/uno_r4_minima/libFrameworkArduino.a(main.cpp.o)
                0x0000000000004454                arduino_main()
 .text.hal_entry
                0x00000000000044d8        0x6 .pio/build/uno_r4_minima/libFrameworkArduino.a(main.cpp.o)
                0x00000000000044d8                hal_entry
 *fill*         0x00000000000044de        0x2 ff
 .text._ZL10countPulsePVmttm
                0x00000000000044e0       0x40 .pio/build/uno_r4_minima/libFrameworkArduino.a(pulse.cpp.o)
 .text.pulseIn  0x0000000000004520       0x4c .pio/build/uno_r4_minima/libFrameworkArduino.a(pulse.cpp.o)
                0x0000000000004520                pulseIn
 .text._ZL21timer_micros_callbackP22st_timer_callback_args
                0x000000000000456c       0x10 .pio/build/uno_r4_minima/libFrameworkArduino.a(time.cpp.o)
 .text.delayMicroseconds
                0x000000000000457c        0x6 .pio/build/uno_r4_minima/libFrameworkArduino.a(time.cpp.o)
                0x000000000000457c                delayMicroseconds
 .text.yield    0x0000000000004582        0x2 .pio/build/uno_r4_minima/libFrameworkArduino.a(time.cpp.o)
                0x0000000000004582                yield
 .text.delay    0x0000000000004584       0x1c .pio/build/uno_r4_minima/libFrameworkArduino.a(time.cpp.o)
                0x0000000000004584                delay
 .text._Z8startAgtv
                0x00000000000045a0       0x6c .pio/build/uno_r4_minima/libFrameworkArduino.a(time.cpp.o)
                0x00000000000045a0                startAgt()
 .text.startup._GLOBAL__sub_I_delayMicroseconds
                0x000000000000460c        0xc .pio/build/uno_r4_minima/libFrameworkArduino.a(time.cpp.o)
 .text.exit._GLOBAL__sub_D_delayMicroseconds
                0x0000000000004618        0xc .pio/build/uno_r4_minima/libFrameworkArduino.a(time.cpp.o)
 .text._ZN10_SerialUSB5beginEmt
                0x0000000000004624        0x6 .pio/build/uno_r4_minima/libFrameworkArduino.a(SerialUSB.cpp.o)
                0x0000000000004624                _SerialUSB::begin(unsigned long, unsigned short)
 .text._ZN10_SerialUSB5beginEm
                0x000000000000462a        0xa .pio/build/uno_r4_minima/libFrameworkArduino.a(SerialUSB.cpp.o)
                0x000000000000462a                _SerialUSB::begin(unsigned long)
 .text._ZN10_SerialUSB3endEv
                0x0000000000004634        0x2 .pio/build/uno_r4_minima/libFrameworkArduino.a(SerialUSB.cpp.o)
                0x0000000000004634                _SerialUSB::end()
 .text._ZN10_SerialUSB5writeEh
                0x0000000000004636       0x16 .pio/build/uno_r4_minima/libFrameworkArduino.a(SerialUSB.cpp.o)
                0x0000000000004636                _SerialUSB::write(unsigned char)
 .text._ZN10_SerialUSB9availableEv
                0x000000000000464c        0xc .pio/build/uno_r4_minima/libFrameworkArduino.a(SerialUSB.cpp.o)
                0x000000000000464c                _SerialUSB::available()
 .text._ZN10_SerialUSB17availableForWriteEv
                0x0000000000004658        0xc .pio/build/uno_r4_minima/libFrameworkArduino.a(SerialUSB.cpp.o)
                0x0000000000004658                _SerialUSB::availableForWrite()
 .text._ZN10_SerialUSB5flushEv
                0x0000000000004664        0xc .pio/build/uno_r4_minima/libFrameworkArduino.a(SerialUSB.cpp.o)
                0x0000000000004664                _SerialUSB::flush()
 .text._ZN10_SerialUSB4peekEv
                0x0000000000004670       0x22 .pio/build/uno_r4_minima/libFrameworkArduino.a(SerialUSB.cpp.o)
                0x0000000000004670                _SerialUSB::peek()
 .text._Z18__USBInstallSerialv
                0x0000000000004692        0x2 .pio/build/uno_r4_minima/libFrameworkArduino.a(SerialUSB.cpp.o)
                0x0000000000004692                __USBInstallSerial()
 .text._ZN10_SerialUSB9connectedEv
                0x0000000000004694       0x10 .pio/build/uno_r4_minima/libFrameworkArduino.a(SerialUSB.cpp.o)
                0x0000000000004694                _SerialUSB::connected()
 .text._ZN10_SerialUSB4readEv
                0x00000000000046a4       0x38 .pio/build/uno_r4_minima/libFrameworkArduino.a(SerialUSB.cpp.o)
                0x00000000000046a4                _SerialUSB::read()
 .text._ZN10_SerialUSB5writeEPKhj
                0x00000000000046dc       0x62 .pio/build/uno_r4_minima/libFrameworkArduino.a(SerialUSB.cpp.o)
                0x00000000000046dc                _SerialUSB::write(unsigned char const*, unsigned int)
 *fill*         0x000000000000473e        0x2 ff
 .text._ZN10_SerialUSBcvbEv
                0x0000000000004740       0x3c .pio/build/uno_r4_minima/libFrameworkArduino.a(SerialUSB.cpp.o)
                0x0000000000004740                _SerialUSB::operator bool()
 .text.tud_dfu_runtime_reboot_to_dfu_cb
                0x000000000000477c       0x6c .pio/build/uno_r4_minima/libFrameworkArduino.a(SerialUSB.cpp.o)
                0x000000000000477c                tud_dfu_runtime_reboot_to_dfu_cb
 .text.tud_cdc_line_state_cb
                0x00000000000047e8       0x28 .pio/build/uno_r4_minima/libFrameworkArduino.a(SerialUSB.cpp.o)
                0x00000000000047e8                tud_cdc_line_state_cb
 .text.tud_cdc_line_coding_cb
                0x0000000000004810       0x40 .pio/build/uno_r4_minima/libFrameworkArduino.a(SerialUSB.cpp.o)
                0x0000000000004810                tud_cdc_line_coding_cb
 .text.startup._GLOBAL__sub_I__ZN10_SerialUSB5beginEm
                0x0000000000004850       0x20 .pio/build/uno_r4_minima/libFrameworkArduino.a(SerialUSB.cpp.o)
 .text._ZL5utox8mPc
                0x0000000000004870       0x22 .pio/build/uno_r4_minima/libFrameworkArduino.a(USB.cpp.o)
 *fill*         0x0000000000004892        0x2 ff
 .text._Z24_usbfs_interrupt_handlerv
                0x0000000000004894       0x34 .pio/build/uno_r4_minima/libFrameworkArduino.a(USB.cpp.o)
                0x0000000000004894                _usbfs_interrupt_handler()
 .text.tud_descriptor_device_cb
                0x00000000000048c8       0x10 .pio/build/uno_r4_minima/libFrameworkArduino.a(USB.cpp.o)
                0x00000000000048c8                tud_descriptor_device_cb
 .text.tud_hid_descriptor_report_cb
                0x00000000000048d8       0x1c .pio/build/uno_r4_minima/libFrameworkArduino.a(USB.cpp.o)
                0x00000000000048d8                tud_hid_descriptor_report_cb
 .text.tud_descriptor_configuration_cb
                0x00000000000048f4        0xc .pio/build/uno_r4_minima/libFrameworkArduino.a(USB.cpp.o)
                0x00000000000048f4                tud_descriptor_configuration_cb
 .text._Z20__SetupUSBDescriptorv
                0x0000000000004900      0x270 .pio/build/uno_r4_minima/libFrameworkArduino.a(USB.cpp.o)
                0x0000000000004900                __SetupUSBDescriptor()
 .text.tud_descriptor_string_cb
                0x0000000000004b70       0x94 .pio/build/uno_r4_minima/libFrameworkArduino.a(USB.cpp.o)
                0x0000000000004b70                tud_descriptor_string_cb
 .text._Z17configure_usb_muxv
                0x0000000000004c04        0x2 .pio/build/uno_r4_minima/libFrameworkArduino.a(USB.cpp.o)
                0x0000000000004c04                configure_usb_mux()
 *fill*         0x0000000000004c06        0x2 ff
 .text._Z10__USBStartv
                0x0000000000004c08       0x84 .pio/build/uno_r4_minima/libFrameworkArduino.a(USB.cpp.o)
                0x0000000000004c08                __USBStart()
 .text.tud_hid_get_report_cb
                0x0000000000004c8c        0x4 .pio/build/uno_r4_minima/libFrameworkArduino.a(USB.cpp.o)
                0x0000000000004c8c                tud_hid_get_report_cb
 .text.tud_hid_set_report_cb
                0x0000000000004c90        0x2 .pio/build/uno_r4_minima/libFrameworkArduino.a(USB.cpp.o)
                0x0000000000004c90                tud_hid_set_report_cb
 .text._ZN8FspTimerC2Ev
                0x0000000000004c92       0x18 .pio/build/uno_r4_minima/libFrameworkArduino.a(FspTimer.cpp.o)
                0x0000000000004c92                FspTimer::FspTimer()
                0x0000000000004c92                FspTimer::FspTimer()
 *fill*         0x0000000000004caa        0x2 ff
 .text._ZN8FspTimer5beginE12e_timer_modehhmm18e_timer_source_divPFvP22st_timer_callback_argsEPv
                0x0000000000004cac      0x16c .pio/build/uno_r4_minima/libFrameworkArduino.a(FspTimer.cpp.o)
                0x0000000000004cac                FspTimer::begin(e_timer_mode, unsigned char, unsigned char, unsigned long, unsigned long, e_timer_source_div, void (*)(st_timer_callback_args*), void*)
 .text._ZN8FspTimer4openEv
                0x0000000000004e18       0x4e .pio/build/uno_r4_minima/libFrameworkArduino.a(FspTimer.cpp.o)
                0x0000000000004e18                FspTimer::open()
 .text._ZN8FspTimer5startEv
                0x0000000000004e66       0x2e .pio/build/uno_r4_minima/libFrameworkArduino.a(FspTimer.cpp.o)
                0x0000000000004e66                FspTimer::start()
 .text._ZN8FspTimer5closeEv
                0x0000000000004e94       0x2e .pio/build/uno_r4_minima/libFrameworkArduino.a(FspTimer.cpp.o)
                0x0000000000004e94                FspTimer::close()
 *fill*         0x0000000000004ec2        0x2 ff
 .text._ZN8FspTimer3endEv
                0x0000000000004ec4       0x48 .pio/build/uno_r4_minima/libFrameworkArduino.a(FspTimer.cpp.o)
                0x0000000000004ec4                FspTimer::end()
 .text._ZN8FspTimerD2Ev
                0x0000000000004f0c        0xc .pio/build/uno_r4_minima/libFrameworkArduino.a(FspTimer.cpp.o)
                0x0000000000004f0c                FspTimer::~FspTimer()
                0x0000000000004f0c                FspTimer::~FspTimer()
 .text._ZN8FspTimer15get_cfg_for_irqEv
                0x0000000000004f18       0x14 .pio/build/uno_r4_minima/libFrameworkArduino.a(FspTimer.cpp.o)
                0x0000000000004f18                FspTimer::get_cfg_for_irq()
 .text._ZN8FspTimer9is_openedEv
                0x0000000000004f2c       0x18 .pio/build/uno_r4_minima/libFrameworkArduino.a(FspTimer.cpp.o)
                0x0000000000004f2c                FspTimer::is_opened()
 .text._ZN8FspTimer18setup_overflow_irqEhPFvvE
                0x0000000000004f44       0x4e .pio/build/uno_r4_minima/libFrameworkArduino.a(FspTimer.cpp.o)
                0x0000000000004f44                FspTimer::setup_overflow_irq(unsigned char, void (*)())
 *fill*         0x0000000000004f92        0x2 ff
 .text.__NVIC_SetPriority
                0x0000000000004f94       0x28 .pio/build/uno_r4_minima/libFrameworkArduino.a(IRQManager.cpp.o)
 .text.R_BSP_IrqEnable
                0x0000000000004fbc       0x34 .pio/build/uno_r4_minima/libFrameworkArduino.a(IRQManager.cpp.o)
 .text.R_BSP_IrqDisable
                0x0000000000004ff0       0x24 .pio/build/uno_r4_minima/libFrameworkArduino.a(IRQManager.cpp.o)
 .text.__tcf_0  0x0000000000005014        0x2 .pio/build/uno_r4_minima/libFrameworkArduino.a(IRQManager.cpp.o)
 *fill*         0x0000000000005016        0x2 ff
 .text._ZN10IRQManager11getInstanceEv
                0x0000000000005018       0x38 .pio/build/uno_r4_minima/libFrameworkArduino.a(IRQManager.cpp.o)
                0x0000000000005018                IRQManager::getInstance()
 .text._ZN10IRQManager18set_ext_link_eventEii
                0x0000000000005050       0xc8 .pio/build/uno_r4_minima/libFrameworkArduino.a(IRQManager.cpp.o)
                0x0000000000005050                IRQManager::set_ext_link_event(int, int)
 .text._ZN10IRQManager23set_gpt_over_link_eventEii
                0x0000000000005118       0x70 .pio/build/uno_r4_minima/libFrameworkArduino.a(IRQManager.cpp.o)
                0x0000000000005118                IRQManager::set_gpt_over_link_event(int, int)
 .text._ZN10IRQManager18set_agt_link_eventEii
                0x0000000000005188       0x28 .pio/build/uno_r4_minima/libFrameworkArduino.a(IRQManager.cpp.o)
                0x0000000000005188                IRQManager::set_agt_link_event(int, int)
 .text._ZN10IRQManager16addTimerOverflowER5timerPFvvE
                0x00000000000051b0       0x80 .pio/build/uno_r4_minima/libFrameworkArduino.a(IRQManager.cpp.o)
                0x00000000000051b0                IRQManager::addTimerOverflow(timer&, void (*)())
 .text._ZN10IRQManager21set_iic_tx_link_eventEii
                0x0000000000005230       0x20 .pio/build/uno_r4_minima/libFrameworkArduino.a(IRQManager.cpp.o)
                0x0000000000005230                IRQManager::set_iic_tx_link_event(int, int)
 .text._ZN10IRQManager21set_iic_rx_link_eventEii
                0x0000000000005250       0x20 .pio/build/uno_r4_minima/libFrameworkArduino.a(IRQManager.cpp.o)
                0x0000000000005250                IRQManager::set_iic_rx_link_event(int, int)
 .text._ZN10IRQManager22set_iic_tei_link_eventEii
                0x0000000000005270       0x20 .pio/build/uno_r4_minima/libFrameworkArduino.a(IRQManager.cpp.o)
                0x0000000000005270                IRQManager::set_iic_tei_link_event(int, int)
 .text._ZN10IRQManager22set_iic_eri_link_eventEii
                0x0000000000005290       0x20 .pio/build/uno_r4_minima/libFrameworkArduino.a(IRQManager.cpp.o)
                0x0000000000005290                IRQManager::set_iic_eri_link_event(int, int)
 .text._ZN10IRQManager21set_sci_tx_link_eventEii
                0x00000000000052b0       0x38 .pio/build/uno_r4_minima/libFrameworkArduino.a(IRQManager.cpp.o)
                0x00000000000052b0                IRQManager::set_sci_tx_link_event(int, int)
 .text._ZN10IRQManager21set_sci_rx_link_eventEii
                0x00000000000052e8       0x38 .pio/build/uno_r4_minima/libFrameworkArduino.a(IRQManager.cpp.o)
                0x00000000000052e8                IRQManager::set_sci_rx_link_event(int, int)
 .text._ZN10IRQManager22set_sci_tei_link_eventEii
                0x0000000000005320       0x38 .pio/build/uno_r4_minima/libFrameworkArduino.a(IRQManager.cpp.o)
                0x0000000000005320                IRQManager::set_sci_tei_link_event(int, int)
 .text._ZN10IRQManager22set_sci_eri_link_eventEii
                0x0000000000005358       0x38 .pio/build/uno_r4_minima/libFrameworkArduino.a(IRQManager.cpp.o)
                0x0000000000005358                IRQManager::set_sci_eri_link_event(int, int)
 .text._ZN10IRQManager21set_spi_tx_link_eventEii
                0x0000000000005390       0x20 .pio/build/uno_r4_minima/libFrameworkArduino.a(IRQManager.cpp.o)
                0x0000000000005390                IRQManager::set_spi_tx_link_event(int, int)
 .text._ZN10IRQManager21set_spi_rx_link_eventEii
                0x00000000000053b0       0x20 .pio/build/uno_r4_minima/libFrameworkArduino.a(IRQManager.cpp.o)
                0x00000000000053b0                IRQManager::set_spi_rx_link_event(int, int)
 .text._ZN10IRQManager22set_spi_tei_link_eventEii
                0x00000000000053d0       0x20 .pio/build/uno_r4_minima/libFrameworkArduino.a(IRQManager.cpp.o)
                0x00000000000053d0                IRQManager::set_spi_tei_link_event(int, int)
 .text._ZN10IRQManager22set_spi_eri_link_eventEii
                0x00000000000053f0       0x20 .pio/build/uno_r4_minima/libFrameworkArduino.a(IRQManager.cpp.o)
                0x00000000000053f0                IRQManager::set_spi_eri_link_event(int, int)
 .text._ZN10IRQManager13addPeripheralE12Peripheral_tPv
                0x0000000000005410      0x904 .pio/build/uno_r4_minima/libFrameworkArduino.a(IRQManager.cpp.o)
                0x0000000000005410                IRQManager::addPeripheral(Peripheral_t, void*)
 .text._ZL13readAllGroupAP13ADC_Container
                0x0000000000005d14       0x2c .pio/build/uno_r4_minima/libFrameworkArduino.a(analog.cpp.o)
 .text._ZL11ADC_irq_cbkP20st_adc_callback_args
                0x0000000000005d40       0x58 .pio/build/uno_r4_minima/libFrameworkArduino.a(analog.cpp.o)
 .text._ZL10adcConvertP13ADC_Containert
                0x0000000000005d98       0xa4 .pio/build/uno_r4_minima/libFrameworkArduino.a(analog.cpp.o)
 .text._ZL21get_ADC_container_ptrlRt.constprop.4
                0x0000000000005e3c       0x38 .pio/build/uno_r4_minima/libFrameworkArduino.a(analog.cpp.o)
 .text._ZN13ADC_ContainerC2EhPFvP20st_adc_callback_argsEPv
                0x0000000000005e74       0x6e .pio/build/uno_r4_minima/libFrameworkArduino.a(analog.cpp.o)
                0x0000000000005e74                ADC_Container::ADC_Container(unsigned char, void (*)(st_adc_callback_args*), void*)
                0x0000000000005e74                ADC_Container::ADC_Container(unsigned char, void (*)(st_adc_callback_args*), void*)
 .text._ZN13ADC_ContainerD2Ev
                0x0000000000005ee2       0x12 .pio/build/uno_r4_minima/libFrameworkArduino.a(analog.cpp.o)
                0x0000000000005ee2                ADC_Container::~ADC_Container()
                0x0000000000005ee2                ADC_Container::~ADC_Container()
 .text.analogRead
                0x0000000000005ef4       0x3c .pio/build/uno_r4_minima/libFrameworkArduino.a(analog.cpp.o)
                0x0000000000005ef4                analogRead
 .text.analogReference
                0x0000000000005f30       0x5c .pio/build/uno_r4_minima/libFrameworkArduino.a(analog.cpp.o)
                0x0000000000005f30                analogReference
 *fill*         0x0000000000005f8c        0x4 ff
 .text._Z15analogReferencev
                0x0000000000005f90      0x10c .pio/build/uno_r4_minima/libFrameworkArduino.a(analog.cpp.o)
                0x0000000000005f90                analogReference()
 .text._Z23__get_timer_for_channeli
                0x000000000000609c       0x2c .pio/build/uno_r4_minima/libFrameworkArduino.a(analog.cpp.o)
                0x000000000000609c                __get_timer_for_channel(int)
 .text.startup._GLOBAL__sub_I__ZN13ADC_ContainerC2EhPFvP20st_adc_callback_argsEPv
                0x00000000000060c8       0x4c .pio/build/uno_r4_minima/libFrameworkArduino.a(analog.cpp.o)
 .text.exit._GLOBAL__sub_D__ZN13ADC_ContainerC2EhPFvP20st_adc_callback_argsEPv
                0x0000000000006114       0x1c .pio/build/uno_r4_minima/libFrameworkArduino.a(analog.cpp.o)
 .text._Z3maplllll
                0x0000000000006130       0x14 .pio/build/uno_r4_minima/libFrameworkArduino.a(Common.cpp.o)
                0x0000000000006130                map(long, long, long, long, long)
 .text._Z12goBootloaderv
                0x0000000000006144       0x54 .pio/build/uno_r4_minima/libFrameworkArduino.a(boot.cpp.o)
                0x0000000000006144                goBootloader()
 .text._ZN4CDacC2Eh
                0x0000000000006198       0x6c .pio/build/uno_r4_minima/libFrameworkArduino.a(dac.cpp.o)
                0x0000000000006198                CDac::CDac(unsigned char)
                0x0000000000006198                CDac::CDac(unsigned char)
 .text.startup._GLOBAL__sub_I__ZN4CDacC2Eh
                0x0000000000006204        0xc .pio/build/uno_r4_minima/libFrameworkArduino.a(dac.cpp.o)
 .text._Z13pinPeripheral19e_bsp_io_port_pin_tm
                0x0000000000006210       0x10 .pio/build/uno_r4_minima/libFrameworkArduino.a(pinDefinitions.cpp.o)
                0x0000000000006210                pinPeripheral(e_bsp_io_port_pin_t, unsigned long)
 .text._prep_out_transaction
                0x0000000000006220       0x42 .pio/build/uno_r4_minima/libFrameworkArduino.a(cdc_device.c.o)
 *fill*         0x0000000000006262        0x2 ff
 .text.tud_cdc_n_connected
                0x0000000000006264       0x2c .pio/build/uno_r4_minima/libFrameworkArduino.a(cdc_device.c.o)
                0x0000000000006264                tud_cdc_n_connected
 .text.tud_cdc_n_available
                0x0000000000006290       0x18 .pio/build/uno_r4_minima/libFrameworkArduino.a(cdc_device.c.o)
                0x0000000000006290                tud_cdc_n_available
 .text.tud_cdc_n_read
                0x00000000000062a8       0x34 .pio/build/uno_r4_minima/libFrameworkArduino.a(cdc_device.c.o)
                0x00000000000062a8                tud_cdc_n_read
 .text.tud_cdc_n_peek
                0x00000000000062dc       0x14 .pio/build/uno_r4_minima/libFrameworkArduino.a(cdc_device.c.o)
                0x00000000000062dc                tud_cdc_n_peek
 .text.tud_cdc_n_write_flush
                0x00000000000062f0       0x88 .pio/build/uno_r4_minima/libFrameworkArduino.a(cdc_device.c.o)
                0x00000000000062f0                tud_cdc_n_write_flush
 .text.tud_cdc_n_write
                0x0000000000006378       0x40 .pio/build/uno_r4_minima/libFrameworkArduino.a(cdc_device.c.o)
                0x0000000000006378                tud_cdc_n_write
 .text.tud_cdc_n_write_available
                0x00000000000063b8       0x18 .pio/build/uno_r4_minima/libFrameworkArduino.a(cdc_device.c.o)
                0x00000000000063b8                tud_cdc_n_write_available
 .text.cdcd_init
                0x00000000000063d0       0x54 .pio/build/uno_r4_minima/libFrameworkArduino.a(cdc_device.c.o)
                0x00000000000063d0                cdcd_init
 .text.cdcd_reset
                0x0000000000006424       0x30 .pio/build/uno_r4_minima/libFrameworkArduino.a(cdc_device.c.o)
                0x0000000000006424                cdcd_reset
 .text.cdcd_open
                0x0000000000006454       0xa4 .pio/build/uno_r4_minima/libFrameworkArduino.a(cdc_device.c.o)
                0x0000000000006454                cdcd_open
 .text.cdcd_control_xfer_cb
                0x00000000000064f8       0xbc .pio/build/uno_r4_minima/libFrameworkArduino.a(cdc_device.c.o)
                0x00000000000064f8                cdcd_control_xfer_cb
 .text.cdcd_xfer_cb
                0x00000000000065b4      0x100 .pio/build/uno_r4_minima/libFrameworkArduino.a(cdc_device.c.o)
                0x00000000000065b4                cdcd_xfer_cb
 .text.advance_index
                0x00000000000066b4       0x18 .pio/build/uno_r4_minima/libFrameworkArduino.a(tusb_fifo.c.o)
 .text._tu_fifo_peek
                0x00000000000066cc       0x4a .pio/build/uno_r4_minima/libFrameworkArduino.a(tusb_fifo.c.o)
 .text._ff_pull_const_addr
                0x0000000000006716       0x3c .pio/build/uno_r4_minima/libFrameworkArduino.a(tusb_fifo.c.o)
 .text._tu_fifo_peek_n
                0x0000000000006752      0x120 .pio/build/uno_r4_minima/libFrameworkArduino.a(tusb_fifo.c.o)
 .text._ff_push_const_addr
                0x0000000000006872       0x36 .pio/build/uno_r4_minima/libFrameworkArduino.a(tusb_fifo.c.o)
 .text._tu_fifo_write_n.part.0
                0x00000000000068a8      0x17e .pio/build/uno_r4_minima/libFrameworkArduino.a(tusb_fifo.c.o)
 .text.tu_fifo_config
                0x0000000000006a26       0x2e .pio/build/uno_r4_minima/libFrameworkArduino.a(tusb_fifo.c.o)
                0x0000000000006a26                tu_fifo_config
 .text.tu_fifo_count
                0x0000000000006a54       0x20 .pio/build/uno_r4_minima/libFrameworkArduino.a(tusb_fifo.c.o)
                0x0000000000006a54                tu_fifo_count
 .text.tu_fifo_empty
                0x0000000000006a74        0xe .pio/build/uno_r4_minima/libFrameworkArduino.a(tusb_fifo.c.o)
                0x0000000000006a74                tu_fifo_empty
 .text.tu_fifo_full
                0x0000000000006a82       0x22 .pio/build/uno_r4_minima/libFrameworkArduino.a(tusb_fifo.c.o)
                0x0000000000006a82                tu_fifo_full
 .text.tu_fifo_remaining
                0x0000000000006aa4       0x24 .pio/build/uno_r4_minima/libFrameworkArduino.a(tusb_fifo.c.o)
                0x0000000000006aa4                tu_fifo_remaining
 .text.tu_fifo_read
                0x0000000000006ac8       0x1e .pio/build/uno_r4_minima/libFrameworkArduino.a(tusb_fifo.c.o)
                0x0000000000006ac8                tu_fifo_read
 .text.tu_fifo_read_n
                0x0000000000006ae6       0x26 .pio/build/uno_r4_minima/libFrameworkArduino.a(tusb_fifo.c.o)
                0x0000000000006ae6                tu_fifo_read_n
 .text.tu_fifo_peek
                0x0000000000006b0c        0x8 .pio/build/uno_r4_minima/libFrameworkArduino.a(tusb_fifo.c.o)
                0x0000000000006b0c                tu_fifo_peek
 .text.tu_fifo_write
                0x0000000000006b14       0x46 .pio/build/uno_r4_minima/libFrameworkArduino.a(tusb_fifo.c.o)
                0x0000000000006b14                tu_fifo_write
 .text.tu_fifo_write_n
                0x0000000000006b5a        0xc .pio/build/uno_r4_minima/libFrameworkArduino.a(tusb_fifo.c.o)
                0x0000000000006b5a                tu_fifo_write_n
 .text.tu_fifo_clear
                0x0000000000006b66        0xa .pio/build/uno_r4_minima/libFrameworkArduino.a(tusb_fifo.c.o)
                0x0000000000006b66                tu_fifo_clear
 .text.tu_fifo_set_overwritable
                0x0000000000006b70        0xc .pio/build/uno_r4_minima/libFrameworkArduino.a(tusb_fifo.c.o)
                0x0000000000006b70                tu_fifo_set_overwritable
 .text.tu_fifo_advance_write_pointer
                0x0000000000006b7c       0x14 .pio/build/uno_r4_minima/libFrameworkArduino.a(tusb_fifo.c.o)
                0x0000000000006b7c                tu_fifo_advance_write_pointer
 .text.tu_fifo_advance_read_pointer
                0x0000000000006b90       0x14 .pio/build/uno_r4_minima/libFrameworkArduino.a(tusb_fifo.c.o)
                0x0000000000006b90                tu_fifo_advance_read_pointer
 .text.tu_fifo_get_read_info
                0x0000000000006ba4       0x6c .pio/build/uno_r4_minima/libFrameworkArduino.a(tusb_fifo.c.o)
                0x0000000000006ba4                tu_fifo_get_read_info
 .text.tu_fifo_get_write_info
                0x0000000000006c10       0x64 .pio/build/uno_r4_minima/libFrameworkArduino.a(tusb_fifo.c.o)
                0x0000000000006c10                tu_fifo_get_write_info
 .text.get_driver
                0x0000000000006c74       0x38 .pio/build/uno_r4_minima/libFrameworkArduino.a(usbd.c.o)
 .text.configuration_reset
                0x0000000000006cac       0x64 .pio/build/uno_r4_minima/libFrameworkArduino.a(usbd.c.o)
 .text.invoke_class_control.isra.1
                0x0000000000006d10       0x1c .pio/build/uno_r4_minima/libFrameworkArduino.a(usbd.c.o)
 .text.usbd_int_set
                0x0000000000006d2c       0x18 .pio/build/uno_r4_minima/libFrameworkArduino.a(usbd.c.o)
                0x0000000000006d2c                usbd_int_set
 .text.tud_mounted
                0x0000000000006d44       0x10 .pio/build/uno_r4_minima/libFrameworkArduino.a(usbd.c.o)
                0x0000000000006d44                tud_mounted
 .text.tud_suspended
                0x0000000000006d54       0x10 .pio/build/uno_r4_minima/libFrameworkArduino.a(usbd.c.o)
                0x0000000000006d54                tud_suspended
 .text.tud_inited
                0x0000000000006d64       0x10 .pio/build/uno_r4_minima/libFrameworkArduino.a(usbd.c.o)
                0x0000000000006d64                tud_inited
 .text.tud_init
                0x0000000000006d74       0x90 .pio/build/uno_r4_minima/libFrameworkArduino.a(usbd.c.o)
                0x0000000000006d74                tud_init
 .text.dcd_event_handler
                0x0000000000006e04      0x108 .pio/build/uno_r4_minima/libFrameworkArduino.a(usbd.c.o)
                0x0000000000006e04                dcd_event_handler
 .text.usbd_edpt_open
                0x0000000000006f0c       0x48 .pio/build/uno_r4_minima/libFrameworkArduino.a(usbd.c.o)
                0x0000000000006f0c                usbd_edpt_open
 .text.usbd_open_edpt_pair
                0x0000000000006f54       0x68 .pio/build/uno_r4_minima/libFrameworkArduino.a(usbd.c.o)
                0x0000000000006f54                usbd_open_edpt_pair
 .text.usbd_edpt_claim
                0x0000000000006fbc       0x1c .pio/build/uno_r4_minima/libFrameworkArduino.a(usbd.c.o)
                0x0000000000006fbc                usbd_edpt_claim
 .text.usbd_edpt_release
                0x0000000000006fd8       0x1c .pio/build/uno_r4_minima/libFrameworkArduino.a(usbd.c.o)
                0x0000000000006fd8                usbd_edpt_release
 .text.usbd_edpt_xfer
                0x0000000000006ff4       0x64 .pio/build/uno_r4_minima/libFrameworkArduino.a(usbd.c.o)
                0x0000000000006ff4                usbd_edpt_xfer
 .text.usbd_edpt_stall
                0x0000000000007058       0x3c .pio/build/uno_r4_minima/libFrameworkArduino.a(usbd.c.o)
                0x0000000000007058                usbd_edpt_stall
 .text.usbd_edpt_clear_stall
                0x0000000000007094       0x3c .pio/build/uno_r4_minima/libFrameworkArduino.a(usbd.c.o)
                0x0000000000007094                usbd_edpt_clear_stall
 .text.tud_task_ext
                0x00000000000070d0      0x5cc .pio/build/uno_r4_minima/libFrameworkArduino.a(usbd.c.o)
                0x00000000000070d0                tud_task_ext
 .text._data_stage_xact
                0x000000000000769c       0x54 .pio/build/uno_r4_minima/libFrameworkArduino.a(usbd_control.c.o)
 .text.tud_control_status
                0x00000000000076f0       0x30 .pio/build/uno_r4_minima/libFrameworkArduino.a(usbd_control.c.o)
                0x00000000000076f0                tud_control_status
 .text.tud_control_xfer
                0x0000000000007720       0x70 .pio/build/uno_r4_minima/libFrameworkArduino.a(usbd_control.c.o)
                0x0000000000007720                tud_control_xfer
 .text.usbd_control_reset
                0x0000000000007790       0x10 .pio/build/uno_r4_minima/libFrameworkArduino.a(usbd_control.c.o)
                0x0000000000007790                usbd_control_reset
 .text.usbd_control_set_complete_callback
                0x00000000000077a0        0xc .pio/build/uno_r4_minima/libFrameworkArduino.a(usbd_control.c.o)
                0x00000000000077a0                usbd_control_set_complete_callback
 .text.usbd_control_set_request
                0x00000000000077ac       0x18 .pio/build/uno_r4_minima/libFrameworkArduino.a(usbd_control.c.o)
                0x00000000000077ac                usbd_control_set_request
 .text.usbd_control_xfer_cb
                0x00000000000077c4       0xd0 .pio/build/uno_r4_minima/libFrameworkArduino.a(usbd_control.c.o)
                0x00000000000077c4                usbd_control_xfer_cb
 .text.pipe_write_packet.isra.0
                0x0000000000007894       0x28 .pio/build/uno_r4_minima/libFrameworkArduino.a(dcd_rusb2.c.o)
 .text.pipe_write_packet_ff.isra.2
                0x00000000000078bc       0x4c .pio/build/uno_r4_minima/libFrameworkArduino.a(dcd_rusb2.c.o)
 .text.pipe0_xfer_in
                0x0000000000007908       0x68 .pio/build/uno_r4_minima/libFrameworkArduino.a(dcd_rusb2.c.o)
 .text.process_pipe0_xfer
                0x0000000000007970       0x7c .pio/build/uno_r4_minima/libFrameworkArduino.a(dcd_rusb2.c.o)
 .text.pipe_xfer_in
                0x00000000000079ec       0xd4 .pio/build/uno_r4_minima/libFrameworkArduino.a(dcd_rusb2.c.o)
 .text.process_pipe_xfer
                0x0000000000007ac0       0xe0 .pio/build/uno_r4_minima/libFrameworkArduino.a(dcd_rusb2.c.o)
 .text.pipe_read_packet_ff.isra.3
                0x0000000000007ba0       0x5a .pio/build/uno_r4_minima/libFrameworkArduino.a(dcd_rusb2.c.o)
 *fill*         0x0000000000007bfa        0x2 ff
 .text.dcd_int_enable
                0x0000000000007bfc       0x2c .pio/build/uno_r4_minima/libFrameworkArduino.a(dcd_rusb2.c.o)
                0x0000000000007bfc                dcd_int_enable
 .text.dcd_int_disable
                0x0000000000007c28       0x34 .pio/build/uno_r4_minima/libFrameworkArduino.a(dcd_rusb2.c.o)
                0x0000000000007c28                dcd_int_disable
 .text.dcd_set_address
                0x0000000000007c5c        0x2 .pio/build/uno_r4_minima/libFrameworkArduino.a(dcd_rusb2.c.o)
                0x0000000000007c5c                dcd_set_address
 *fill*         0x0000000000007c5e        0x2 ff
 .text.dcd_connect
                0x0000000000007c60       0x14 .pio/build/uno_r4_minima/libFrameworkArduino.a(dcd_rusb2.c.o)
                0x0000000000007c60                dcd_connect
 .text.dcd_init
                0x0000000000007c74       0x88 .pio/build/uno_r4_minima/libFrameworkArduino.a(dcd_rusb2.c.o)
                0x0000000000007c74                dcd_init
 .text.dcd_disconnect
                0x0000000000007cfc       0x14 .pio/build/uno_r4_minima/libFrameworkArduino.a(dcd_rusb2.c.o)
                0x0000000000007cfc                dcd_disconnect
 .text.dcd_edpt_open
                0x0000000000007d10      0x138 .pio/build/uno_r4_minima/libFrameworkArduino.a(dcd_rusb2.c.o)
                0x0000000000007d10                dcd_edpt_open
 .text.dcd_edpt_close
                0x0000000000007e48       0x60 .pio/build/uno_r4_minima/libFrameworkArduino.a(dcd_rusb2.c.o)
                0x0000000000007e48                dcd_edpt_close
 .text.dcd_edpt_close_all
                0x0000000000007ea8       0x34 .pio/build/uno_r4_minima/libFrameworkArduino.a(dcd_rusb2.c.o)
                0x0000000000007ea8                dcd_edpt_close_all
 .text.dcd_edpt_xfer
                0x0000000000007edc       0x48 .pio/build/uno_r4_minima/libFrameworkArduino.a(dcd_rusb2.c.o)
                0x0000000000007edc                dcd_edpt_xfer
 .text.dcd_edpt_stall
                0x0000000000007f24       0x58 .pio/build/uno_r4_minima/libFrameworkArduino.a(dcd_rusb2.c.o)
                0x0000000000007f24                dcd_edpt_stall
 .text.dcd_edpt_clear_stall
                0x0000000000007f7c       0x74 .pio/build/uno_r4_minima/libFrameworkArduino.a(dcd_rusb2.c.o)
                0x0000000000007f7c                dcd_edpt_clear_stall
 .text.dcd_int_handler
                0x0000000000007ff0      0x4bc .pio/build/uno_r4_minima/libFrameworkArduino.a(dcd_rusb2.c.o)
                0x0000000000007ff0                dcd_int_handler
 .text.tusb_rusb2_set_irqnum
                0x00000000000084ac       0x10 .pio/build/uno_r4_minima/libFrameworkArduino.a(rusb2_common.c.o)
                0x00000000000084ac                tusb_rusb2_set_irqnum
 .text.tusb_inited
                0x00000000000084bc        0x4 .pio/build/uno_r4_minima/libFrameworkArduino.a(tusb.c.o)
                0x00000000000084bc                tusb_inited
 .text.tu_edpt_claim
                0x00000000000084c0       0x2e .pio/build/uno_r4_minima/libFrameworkArduino.a(tusb.c.o)
                0x00000000000084c0                tu_edpt_claim
 .text.tu_edpt_release
                0x00000000000084ee       0x20 .pio/build/uno_r4_minima/libFrameworkArduino.a(tusb.c.o)
                0x00000000000084ee                tu_edpt_release
 *fill*         0x000000000000850e        0x2 ff
 .text.tu_edpt_validate
                0x0000000000008510       0x60 .pio/build/uno_r4_minima/libFrameworkArduino.a(tusb.c.o)
                0x0000000000008510                tu_edpt_validate
 .text.tu_edpt_bind_driver
                0x0000000000008570       0x24 .pio/build/uno_r4_minima/libFrameworkArduino.a(tusb.c.o)
                0x0000000000008570                tu_edpt_bind_driver
 .text._Z10getPinCfgsh11PinCfgReq_t
                0x0000000000008594       0xe0 .pio/build/uno_r4_minima/libFrameworkArduino.a(variant_helper.cpp.o)
                0x0000000000008594                getPinCfgs(unsigned char, PinCfgReq_t)
 .text.dfu_rtd_init
                0x0000000000008674        0x2 .pio/build/uno_r4_minima/libFrameworkArduino.a(dfu_rt_device.c.o)
                0x0000000000008674                dfu_rtd_init
 .text.dfu_rtd_reset
                0x0000000000008676        0x2 .pio/build/uno_r4_minima/libFrameworkArduino.a(dfu_rt_device.c.o)
                0x0000000000008676                dfu_rtd_reset
 .text.dfu_rtd_open
                0x0000000000008678       0x24 .pio/build/uno_r4_minima/libFrameworkArduino.a(dfu_rt_device.c.o)
                0x0000000000008678                dfu_rtd_open
 .text.dfu_rtd_control_xfer_cb
                0x000000000000869c       0x64 .pio/build/uno_r4_minima/libFrameworkArduino.a(dfu_rt_device.c.o)
                0x000000000000869c                dfu_rtd_control_xfer_cb
 .text.hidd_reset
                0x0000000000008700       0x10 .pio/build/uno_r4_minima/libFrameworkArduino.a(hid_device.c.o)
                0x0000000000008700                hidd_reset
 .text.hidd_init
                0x0000000000008710        0x6 .pio/build/uno_r4_minima/libFrameworkArduino.a(hid_device.c.o)
                0x0000000000008710                hidd_init
 *fill*         0x0000000000008716        0x2 ff
 .text.hidd_open
                0x0000000000008718       0xc4 .pio/build/uno_r4_minima/libFrameworkArduino.a(hid_device.c.o)
                0x0000000000008718                hidd_open
 .text.hidd_control_xfer_cb
                0x00000000000087dc      0x1e0 .pio/build/uno_r4_minima/libFrameworkArduino.a(hid_device.c.o)
                0x00000000000087dc                hidd_control_xfer_cb
 .text.hidd_xfer_cb
                0x00000000000089bc       0x7c .pio/build/uno_r4_minima/libFrameworkArduino.a(hid_device.c.o)
                0x00000000000089bc                hidd_xfer_cb
 .text.R_WDT_Open
                0x0000000000008a38       0x58 /root/.platformio/packages/framework-arduinorenesas-uno/variants/MINIMA/libs/libfsp.a(r_wdt.o)
                0x0000000000008a38                R_WDT_Open
 .text.R_WDT_Refresh
                0x0000000000008a90       0x10 /root/.platformio/packages/framework-arduinorenesas-uno/variants/MINIMA/libs/libfsp.a(r_wdt.o)
                0x0000000000008a90                R_WDT_Refresh
 .text.r_spi_call_callback
                0x0000000000008aa0       0x40 /root/.platformio/packages/framework-arduinorenesas-uno/variants/MINIMA/libs/libfsp.a(r_spi.o)
 .text.spi_rxi_isr
                0x0000000000008ae0       0x9c /root/.platformio/packages/framework-arduinorenesas-uno/variants/MINIMA/libs/libfsp.a(r_spi.o)
                0x0000000000008ae0                spi_rxi_isr
 .text.spi_txi_isr
                0x0000000000008b7c       0xd8 /root/.platformio/packages/framework-arduinorenesas-uno/variants/MINIMA/libs/libfsp.a(r_spi.o)
                0x0000000000008b7c                spi_txi_isr
 .text.spi_tei_isr
                0x0000000000008c54       0xe0 /root/.platformio/packages/framework-arduinorenesas-uno/variants/MINIMA/libs/libfsp.a(r_spi.o)
                0x0000000000008c54                spi_tei_isr
 .text.spi_eri_isr
                0x0000000000008d34       0xdc /root/.platformio/packages/framework-arduinorenesas-uno/variants/MINIMA/libs/libfsp.a(r_spi.o)
                0x0000000000008d34                spi_eri_isr
 .text.r_sci_uart_call_callback
                0x0000000000008e10       0x44 /root/.platformio/packages/framework-arduinorenesas-uno/variants/MINIMA/libs/libfsp.a(r_sci_uart.o)
 .text.sci_uart_txi_isr
                0x0000000000008e54       0xec /root/.platformio/packages/framework-arduinorenesas-uno/variants/MINIMA/libs/libfsp.a(r_sci_uart.o)
                0x0000000000008e54                sci_uart_txi_isr
 .text.sci_uart_rxi_isr
                0x0000000000008f40      0x184 /root/.platformio/packages/framework-arduinorenesas-uno/variants/MINIMA/libs/libfsp.a(r_sci_uart.o)
                0x0000000000008f40                sci_uart_rxi_isr
 .text.sci_uart_tei_isr
                0x00000000000090c4       0x40 /root/.platformio/packages/framework-arduinorenesas-uno/variants/MINIMA/libs/libfsp.a(r_sci_uart.o)
                0x00000000000090c4                sci_uart_tei_isr
 .text.sci_uart_eri_isr
                0x0000000000009104       0x78 /root/.platformio/packages/framework-arduinorenesas-uno/variants/MINIMA/libs/libfsp.a(r_sci_uart.o)
                0x0000000000009104                sci_uart_eri_isr
 .text.r_sci_spi_call_callback
                0x000000000000917c       0x40 /root/.platformio/packages/framework-arduinorenesas-uno/variants/MINIMA/libs/libfsp.a(r_sci_spi.o)
 .text.sci_spi_txi_isr
                0x00000000000091bc       0x68 /root/.platformio/packages/framework-arduinorenesas-uno/variants/MINIMA/libs/libfsp.a(r_sci_spi.o)
                0x00000000000091bc                sci_spi_txi_isr
 .text.sci_spi_rxi_isr
                0x0000000000009224       0x74 /root/.platformio/packages/framework-arduinorenesas-uno/variants/MINIMA/libs/libfsp.a(r_sci_spi.o)
                0x0000000000009224                sci_spi_rxi_isr
 .text.sci_spi_tei_isr
                0x0000000000009298       0x3c /root/.platformio/packages/framework-arduinorenesas-uno/variants/MINIMA/libs/libfsp.a(r_sci_spi.o)
                0x0000000000009298                sci_spi_tei_isr
 .text.sci_spi_eri_isr
                0x00000000000092d4       0x44 /root/.platformio/packages/framework-arduinorenesas-uno/variants/MINIMA/libs/libfsp.a(r_sci_spi.o)
                0x00000000000092d4                sci_spi_eri_isr
 .text.sci_i2c_enable_transfer_support_tx
                0x0000000000009318       0x34 /root/.platformio/packages/framework-arduinorenesas-uno/variants/MINIMA/libs/libfsp.a(r_sci_i2c.o)
 .text.sci_i2c_notify
                0x000000000000934c       0x64 /root/.platformio/packages/framework-arduinorenesas-uno/variants/MINIMA/libs/libfsp.a(r_sci_i2c.o)
                0x000000000000934c                sci_i2c_notify
 .text.sci_i2c_rxi_isr
                0x00000000000093b0       0x20 /root/.platformio/packages/framework-arduinorenesas-uno/variants/MINIMA/libs/libfsp.a(r_sci_i2c.o)
                0x00000000000093b0                sci_i2c_rxi_isr
 .text.sci_i2c_txi_isr
                0x00000000000093d0      0x198 /root/.platformio/packages/framework-arduinorenesas-uno/variants/MINIMA/libs/libfsp.a(r_sci_i2c.o)
                0x00000000000093d0                sci_i2c_txi_isr
 .text.sci_i2c_tei_isr
                0x0000000000009568       0xf0 /root/.platformio/packages/framework-arduinorenesas-uno/variants/MINIMA/libs/libfsp.a(r_sci_i2c.o)
                0x0000000000009568                sci_i2c_tei_isr
 .text.rtc_alarm_periodic_isr
                0x0000000000009658       0x68 /root/.platformio/packages/framework-arduinorenesas-uno/variants/MINIMA/libs/libfsp.a(r_rtc.o)
                0x0000000000009658                rtc_alarm_periodic_isr
 .text.rtc_carry_isr
                0x00000000000096c0       0x2c /root/.platformio/packages/framework-arduinorenesas-uno/variants/MINIMA/libs/libfsp.a(r_rtc.o)
                0x00000000000096c0                rtc_carry_isr
 .text.R_IOPORT_PinWrite
                0x00000000000096ec       0x20 /root/.platformio/packages/framework-arduinorenesas-uno/variants/MINIMA/libs/libfsp.a(r_ioport.o)
                0x00000000000096ec                R_IOPORT_PinWrite
 .text.bsp_vbatt_init
                0x000000000000970c       0xac /root/.platformio/packages/framework-arduinorenesas-uno/variants/MINIMA/libs/libfsp.a(r_ioport.o)
 .text.R_IOPORT_PinCfg
                0x00000000000097b8       0xa8 /root/.platformio/packages/framework-arduinorenesas-uno/variants/MINIMA/libs/libfsp.a(r_ioport.o)
                0x00000000000097b8                R_IOPORT_PinCfg
 .text.r_iic_slave_call_callback
                0x0000000000009860       0x3c /root/.platformio/packages/framework-arduinorenesas-uno/variants/MINIMA/libs/libfsp.a(r_iic_slave.o)
 .text.iic_slave_initiate_transaction
                0x000000000000989c       0x74 /root/.platformio/packages/framework-arduinorenesas-uno/variants/MINIMA/libs/libfsp.a(r_iic_slave.o)
 .text.iic_slave_rxi_isr
                0x0000000000009910      0x12c /root/.platformio/packages/framework-arduinorenesas-uno/variants/MINIMA/libs/libfsp.a(r_iic_slave.o)
                0x0000000000009910                iic_slave_rxi_isr
 .text.iic_slave_txi_isr
                0x0000000000009a3c       0xa8 /root/.platformio/packages/framework-arduinorenesas-uno/variants/MINIMA/libs/libfsp.a(r_iic_slave.o)
                0x0000000000009a3c                iic_slave_txi_isr
 .text.iic_slave_tei_isr
                0x0000000000009ae4       0x94 /root/.platformio/packages/framework-arduinorenesas-uno/variants/MINIMA/libs/libfsp.a(r_iic_slave.o)
                0x0000000000009ae4                iic_slave_tei_isr
 .text.iic_slave_eri_isr
                0x0000000000009b78      0x10c /root/.platformio/packages/framework-arduinorenesas-uno/variants/MINIMA/libs/libfsp.a(r_iic_slave.o)
                0x0000000000009b78                iic_slave_eri_isr
 .text.iic_master_notify
                0x0000000000009c84       0x3c /root/.platformio/packages/framework-arduinorenesas-uno/variants/MINIMA/libs/libfsp.a(r_iic_master.o)
 .text.iic_master_open_hw_master
                0x0000000000009cc0      0x184 /root/.platformio/packages/framework-arduinorenesas-uno/variants/MINIMA/libs/libfsp.a(r_iic_master.o)
 .text.iic_master_rxi_isr
                0x0000000000009e44      0x13c /root/.platformio/packages/framework-arduinorenesas-uno/variants/MINIMA/libs/libfsp.a(r_iic_master.o)
                0x0000000000009e44                iic_master_rxi_isr
 .text.iic_master_txi_isr
                0x0000000000009f80       0xec /root/.platformio/packages/framework-arduinorenesas-uno/variants/MINIMA/libs/libfsp.a(r_iic_master.o)
                0x0000000000009f80                iic_master_txi_isr
 .text.iic_master_tei_isr
                0x000000000000a06c       0xc4 /root/.platformio/packages/framework-arduinorenesas-uno/variants/MINIMA/libs/libfsp.a(r_iic_master.o)
                0x000000000000a06c                iic_master_tei_isr
 .text.iic_master_eri_isr
                0x000000000000a130      0x140 /root/.platformio/packages/framework-arduinorenesas-uno/variants/MINIMA/libs/libfsp.a(r_iic_master.o)
                0x000000000000a130                iic_master_eri_isr
 .text.r_icu_isr
                0x000000000000a270       0x6c /root/.platformio/packages/framework-arduinorenesas-uno/variants/MINIMA/libs/libfsp.a(r_icu.o)
                0x000000000000a270                r_icu_isr
 .text.R_GPT_Start
                0x000000000000a2dc        0xc /root/.platformio/packages/framework-arduinorenesas-uno/variants/MINIMA/libs/libfsp.a(r_gpt.o)
                0x000000000000a2dc                R_GPT_Start
 .text.R_GPT_Enable
                0x000000000000a2e8       0x30 /root/.platformio/packages/framework-arduinorenesas-uno/variants/MINIMA/libs/libfsp.a(r_gpt.o)
                0x000000000000a2e8                R_GPT_Enable
 .text.r_gpt_enable_irq
                0x000000000000a318       0x5c /root/.platformio/packages/framework-arduinorenesas-uno/variants/MINIMA/libs/libfsp.a(r_gpt.o)
 .text.r_gpt_call_callback
                0x000000000000a374       0x3c /root/.platformio/packages/framework-arduinorenesas-uno/variants/MINIMA/libs/libfsp.a(r_gpt.o)
 .text.gpt_calculate_duty_cycle.isra.0
                0x000000000000a3b0       0x78 /root/.platformio/packages/framework-arduinorenesas-uno/variants/MINIMA/libs/libfsp.a(r_gpt.o)
 .text.R_GPT_Open
                0x000000000000a428      0x264 /root/.platformio/packages/framework-arduinorenesas-uno/variants/MINIMA/libs/libfsp.a(r_gpt.o)
                0x000000000000a428                R_GPT_Open
 .text.R_GPT_Close
                0x000000000000a68c       0xd4 /root/.platformio/packages/framework-arduinorenesas-uno/variants/MINIMA/libs/libfsp.a(r_gpt.o)
                0x000000000000a68c                R_GPT_Close
 .text.gpt_counter_overflow_isr
                0x000000000000a760       0x78 /root/.platformio/packages/framework-arduinorenesas-uno/variants/MINIMA/libs/libfsp.a(r_gpt.o)
                0x000000000000a760                gpt_counter_overflow_isr
 .text.R_DAC_Open
                0x000000000000a7d8       0x88 /root/.platformio/packages/framework-arduinorenesas-uno/variants/MINIMA/libs/libfsp.a(r_dac.o)
                0x000000000000a7d8                R_DAC_Open
 .text.R_DAC_Write
                0x000000000000a860        0xc /root/.platformio/packages/framework-arduinorenesas-uno/variants/MINIMA/libs/libfsp.a(r_dac.o)
                0x000000000000a860                R_DAC_Write
 .text.R_DAC_Start
                0x000000000000a86c       0x30 /root/.platformio/packages/framework-arduinorenesas-uno/variants/MINIMA/libs/libfsp.a(r_dac.o)
                0x000000000000a86c                R_DAC_Start
 .text.R_DAC_Stop
                0x000000000000a89c       0x34 /root/.platformio/packages/framework-arduinorenesas-uno/variants/MINIMA/libs/libfsp.a(r_dac.o)
                0x000000000000a89c                R_DAC_Stop
 .text.R_DAC_Close
                0x000000000000a8d0       0x40 /root/.platformio/packages/framework-arduinorenesas-uno/variants/MINIMA/libs/libfsp.a(r_dac.o)
                0x000000000000a8d0                R_DAC_Close
 .text.r_can_call_callback
                0x000000000000a910       0x68 /root/.platformio/packages/framework-arduinorenesas-uno/variants/MINIMA/libs/libfsp.a(r_can.o)
 .text.can_error_isr
                0x000000000000a978       0xd4 /root/.platformio/packages/framework-arduinorenesas-uno/variants/MINIMA/libs/libfsp.a(r_can.o)
                0x000000000000a978                can_error_isr
 .text.can_rx_isr
                0x000000000000aa4c      0x118 /root/.platformio/packages/framework-arduinorenesas-uno/variants/MINIMA/libs/libfsp.a(r_can.o)
                0x000000000000aa4c                can_rx_isr
 .text.can_tx_isr
                0x000000000000ab64       0xa0 /root/.platformio/packages/framework-arduinorenesas-uno/variants/MINIMA/libs/libfsp.a(r_can.o)
                0x000000000000ab64                can_tx_isr
 .text.R_AGT_Start
                0x000000000000ac04       0x38 /root/.platformio/packages/framework-arduinorenesas-uno/variants/MINIMA/libs/libfsp.a(r_agt.o)
                0x000000000000ac04                R_AGT_Start
 .text.R_AGT_Enable
                0x000000000000ac3c       0x14 /root/.platformio/packages/framework-arduinorenesas-uno/variants/MINIMA/libs/libfsp.a(r_agt.o)
                0x000000000000ac3c                R_AGT_Enable
 .text.R_AGT_Close
                0x000000000000ac50       0x84 /root/.platformio/packages/framework-arduinorenesas-uno/variants/MINIMA/libs/libfsp.a(r_agt.o)
                0x000000000000ac50                R_AGT_Close
 .text.R_AGT_Open
                0x000000000000acd4      0x118 /root/.platformio/packages/framework-arduinorenesas-uno/variants/MINIMA/libs/libfsp.a(r_agt.o)
                0x000000000000acd4                R_AGT_Open
 .text.agt_int_isr
                0x000000000000adec       0x88 /root/.platformio/packages/framework-arduinorenesas-uno/variants/MINIMA/libs/libfsp.a(r_agt.o)
                0x000000000000adec                agt_int_isr
 .text.R_ADC_ScanStart
                0x000000000000ae74        0xc /root/.platformio/packages/framework-arduinorenesas-uno/variants/MINIMA/libs/libfsp.a(r_adc.o)
                0x000000000000ae74                R_ADC_ScanStart
 .text.R_ADC_StatusGet
                0x000000000000ae80       0x10 /root/.platformio/packages/framework-arduinorenesas-uno/variants/MINIMA/libs/libfsp.a(r_adc.o)
                0x000000000000ae80                R_ADC_StatusGet
 .text.R_ADC_Read
                0x000000000000ae90       0x10 /root/.platformio/packages/framework-arduinorenesas-uno/variants/MINIMA/libs/libfsp.a(r_adc.o)
                0x000000000000ae90                R_ADC_Read
 .text.R_ADC_ScanCfg
                0x000000000000aea0      0x1a0 /root/.platformio/packages/framework-arduinorenesas-uno/variants/MINIMA/libs/libfsp.a(r_adc.o)
                0x000000000000aea0                R_ADC_ScanCfg
 .text.R_ADC_Open
                0x000000000000b040      0x240 /root/.platformio/packages/framework-arduinorenesas-uno/variants/MINIMA/libs/libfsp.a(r_adc.o)
                0x000000000000b040                R_ADC_Open
 .text.R_ADC_Close
                0x000000000000b280       0xfc /root/.platformio/packages/framework-arduinorenesas-uno/variants/MINIMA/libs/libfsp.a(r_adc.o)
                0x000000000000b280                R_ADC_Close
 .text.bsp_prv_software_delay_loop
                0x000000000000b37c        0xc /root/.platformio/packages/framework-arduinorenesas-uno/variants/MINIMA/libs/libfsp.a(bsp_delay.o)
                0x000000000000b37c                bsp_prv_software_delay_loop
 .text.R_BSP_SoftwareDelay
                0x000000000000b388       0x5c /root/.platformio/packages/framework-arduinorenesas-uno/variants/MINIMA/libs/libfsp.a(bsp_delay.o)
                0x000000000000b388                R_BSP_SoftwareDelay
 .text.bsp_irq_cfg
                0x000000000000b3e4       0x2c /root/.platformio/packages/framework-arduinorenesas-uno/variants/MINIMA/libs/libfsp.a(bsp_irq.o)
                0x000000000000b3e4                bsp_irq_cfg
 .text.R_BSP_RegisterProtectEnable
                0x000000000000b410       0x60 /root/.platformio/packages/framework-arduinorenesas-uno/variants/MINIMA/libs/libfsp.a(bsp_register_protection.o)
                0x000000000000b410                R_BSP_RegisterProtectEnable
 .text.R_BSP_RegisterProtectDisable
                0x000000000000b470       0x54 /root/.platformio/packages/framework-arduinorenesas-uno/variants/MINIMA/libs/libfsp.a(bsp_register_protection.o)
                0x000000000000b470                R_BSP_RegisterProtectDisable
 .text.Default_Handler
                0x000000000000b4c4        0x4 /root/.platformio/packages/framework-arduinorenesas-uno/variants/MINIMA/libs/libfsp.a(startup.o)
                0x000000000000b4c4                DebugMon_Handler
                0x000000000000b4c4                HardFault_Handler
                0x000000000000b4c4                SysTick_Handler
                0x000000000000b4c4                PendSV_Handler
                0x000000000000b4c4                UsageFault_Handler
                0x000000000000b4c4                SecureFault_Handler
                0x000000000000b4c4                Default_Handler
                0x000000000000b4c4                MemManage_Handler
                0x000000000000b4c4                SVC_Handler
                0x000000000000b4c4                BusFault_Handler
 .text.Reset_Handler
                0x000000000000b4c8        0xc /root/.platformio/packages/framework-arduinorenesas-uno/variants/MINIMA/libs/libfsp.a(startup.o)
                0x000000000000b4c8                Reset_Handler
 .text.R_BSP_WarmStart
                0x000000000000b4d4        0x4 /root/.platformio/packages/framework-arduinorenesas-uno/variants/MINIMA/libs/libfsp.a(system.o)
                0x000000000000b4d4                R_BSP_WarmStart
 .text.SystemInit
                0x000000000000b4d8      0x15c /root/.platformio/packages/framework-arduinorenesas-uno/variants/MINIMA/libs/libfsp.a(system.o)
                0x000000000000b4d8                SystemInit
 .text.SystemCoreClockUpdate
                0x000000000000b634       0x28 /root/.platformio/packages/framework-arduinorenesas-uno/variants/MINIMA/libs/libfsp.a(bsp_clocks.o)
                0x000000000000b634                SystemCoreClockUpdate
 .text.bsp_clock_init
                0x000000000000b65c      0x12c /root/.platformio/packages/framework-arduinorenesas-uno/variants/MINIMA/libs/libfsp.a(bsp_clocks.o)
                0x000000000000b65c                bsp_clock_init
 .text.bsp_init_internal
                0x000000000000b788        0x4 /root/.platformio/packages/framework-arduinorenesas-uno/variants/MINIMA/libs/libfsp.a(bsp_common.o)
                0x000000000000b788                bsp_init
                0x000000000000b788                bsp_init_internal
 .text.NMI_Handler
                0x000000000000b78c       0x38 /root/.platformio/packages/framework-arduinorenesas-uno/variants/MINIMA/libs/libfsp.a(bsp_group_irq.o)
                0x000000000000b78c                NMI_Handler
 .text._Znwj    0x000000000000b7c4       0x22 /root/.platformio/packages/toolchain-gccarmnoneeabi/bin/../lib/gcc/arm-none-eabi/7.2.1/../../../../arm-none-eabi/lib/thumb/v7e-m/fpv4-sp/hard/libstdc++_nano.a(new_op.o)
                0x000000000000b7c4                operator new(unsigned int)
 .text.__cxa_guard_acquire
                0x000000000000b7e6       0x18 /root/.platformio/packages/toolchain-gccarmnoneeabi/bin/../lib/gcc/arm-none-eabi/7.2.1/../../../../arm-none-eabi/lib/thumb/v7e-m/fpv4-sp/hard/libstdc++_nano.a(guard.o)
                0x000000000000b7e6                __cxa_guard_acquire
 .text.__cxa_guard_release
                0x000000000000b7fe        0x6 /root/.platformio/packages/toolchain-gccarmnoneeabi/bin/../lib/gcc/arm-none-eabi/7.2.1/../../../../arm-none-eabi/lib/thumb/v7e-m/fpv4-sp/hard/libstdc++_nano.a(guard.o)
                0x000000000000b7fe                __cxa_guard_release
 .text._ZSt15get_new_handlerv
                0x000000000000b804       0x10 /root/.platformio/packages/toolchain-gccarmnoneeabi/bin/../lib/gcc/arm-none-eabi/7.2.1/../../../../arm-none-eabi/lib/thumb/v7e-m/fpv4-sp/hard/libstdc++_nano.a(new_handler.o)
                0x000000000000b804                std::get_new_handler()
 .text._ZdlPvj  0x000000000000b814        0x4 /root/.platformio/packages/toolchain-gccarmnoneeabi/bin/../lib/gcc/arm-none-eabi/7.2.1/../../../../arm-none-eabi/lib/thumb/v7e-m/fpv4-sp/hard/libstdc++_nano.a(del_ops.o)
                0x000000000000b814                operator delete(void*, unsigned int)
 .text._ZdlPv   0x000000000000b818        0x4 /root/.platformio/packages/toolchain-gccarmnoneeabi/bin/../lib/gcc/arm-none-eabi/7.2.1/../../../../arm-none-eabi/lib/thumb/v7e-m/fpv4-sp/hard/libstdc++_nano.a(del_op.o)
                0x000000000000b818                operator delete(void*)
 .text          0x000000000000b81c      0x378 /root/.platformio/packages/toolchain-gccarmnoneeabi/bin/../lib/gcc/arm-none-eabi/7.2.1/thumb/v7e-m/fpv4-sp/hard/libgcc.a(_arm_addsubdf3.o)
                0x000000000000b81c                __aeabi_drsub
                0x000000000000b824                __aeabi_dsub
                0x000000000000b824                __subdf3
                0x000000000000b828                __adddf3
                0x000000000000b828                __aeabi_dadd
                0x000000000000baa0                __aeabi_ui2d
                0x000000000000baa0                __floatunsidf
                0x000000000000bac0                __floatsidf
                0x000000000000bac0                __aeabi_i2d
                0x000000000000bae4                __extendsfdf2
                0x000000000000bae4                __aeabi_f2d
                0x000000000000bb28                __aeabi_ul2d
                0x000000000000bb28                __floatundidf
                0x000000000000bb38                __floatdidf
                0x000000000000bb38                __aeabi_l2d
 .text          0x000000000000bb94      0x424 /root/.platformio/packages/toolchain-gccarmnoneeabi/bin/../lib/gcc/arm-none-eabi/7.2.1/thumb/v7e-m/fpv4-sp/hard/libgcc.a(_arm_muldivdf3.o)
                0x000000000000bb94                __aeabi_dmul
                0x000000000000bb94                __muldf3
                0x000000000000bde8                __aeabi_ddiv
                0x000000000000bde8                __divdf3
 .text          0x000000000000bfb8      0x110 /root/.platformio/packages/toolchain-gccarmnoneeabi/bin/../lib/gcc/arm-none-eabi/7.2.1/thumb/v7e-m/fpv4-sp/hard/libgcc.a(_arm_cmpdf2.o)
                0x000000000000bfb8                __gtdf2
                0x000000000000bfb8                __gedf2
                0x000000000000bfc0                __ltdf2
                0x000000000000bfc0                __ledf2
                0x000000000000bfc8                __cmpdf2
                0x000000000000bfc8                __eqdf2
                0x000000000000bfc8                __nedf2
                0x000000000000c044                __aeabi_cdrcmple
                0x000000000000c054                __aeabi_cdcmple
                0x000000000000c054                __aeabi_cdcmpeq
                0x000000000000c064                __aeabi_dcmpeq
                0x000000000000c078                __aeabi_dcmplt
                0x000000000000c08c                __aeabi_dcmple
                0x000000000000c0a0                __aeabi_dcmpge
                0x000000000000c0b4                __aeabi_dcmpgt
 .text          0x000000000000c0c8       0x2c /root/.platformio/packages/toolchain-gccarmnoneeabi/bin/../lib/gcc/arm-none-eabi/7.2.1/thumb/v7e-m/fpv4-sp/hard/libgcc.a(_arm_unorddf2.o)
                0x000000000000c0c8                __aeabi_dcmpun
                0x000000000000c0c8                __unorddf2
 .text          0x000000000000c0f4       0x40 /root/.platformio/packages/toolchain-gccarmnoneeabi/bin/../lib/gcc/arm-none-eabi/7.2.1/thumb/v7e-m/fpv4-sp/hard/libgcc.a(_arm_fixunsdfsi.o)
                0x000000000000c0f4                __fixunsdfsi
                0x000000000000c0f4                __aeabi_d2uiz
 .text          0x000000000000c134       0xa0 /root/.platformio/packages/toolchain-gccarmnoneeabi/bin/../lib/gcc/arm-none-eabi/7.2.1/thumb/v7e-m/fpv4-sp/hard/libgcc.a(_arm_truncdfsf2.o)
                0x000000000000c134                __aeabi_d2f
                0x000000000000c134                __truncdfsf2
 .text.PINCOUNT_fn
                0x000000000000c1d4        0x4 .pio/build/uno_r4_minima/libFrameworkArduinoVariant.a(variant.cpp.o)
                0x000000000000c1d4                PINCOUNT_fn
 .text._Z23usb_post_initializationv
                0x000000000000c1d8       0x14 .pio/build/uno_r4_minima/libFrameworkArduinoVariant.a(variant.cpp.o)
                0x000000000000c1d8                usb_post_initialization()
 .text.initVariant
                0x000000000000c1ec       0x98 .pio/build/uno_r4_minima/libFrameworkArduinoVariant.a(variant.cpp.o)
                0x000000000000c1ec                initVariant
 .text.abort    0x000000000000c284        0xe /root/.platformio/packages/toolchain-gccarmnoneeabi/bin/../lib/gcc/arm-none-eabi/7.2.1/../../../../arm-none-eabi/lib/thumb/v7e-m/fpv4-sp/hard/libc_nano.a(lib_a-abort.o)
                0x000000000000c284                abort
 *fill*         0x000000000000c292        0x2 ff
 .text.malloc   0x000000000000c294       0x10 /root/.platformio/packages/toolchain-gccarmnoneeabi/bin/../lib/gcc/arm-none-eabi/7.2.1/../../../../arm-none-eabi/lib/thumb/v7e-m/fpv4-sp/hard/libc_nano.a(lib_a-malloc.o)
                0x000000000000c294                malloc
 .text.free     0x000000000000c2a4       0x10 /root/.platformio/packages/toolchain-gccarmnoneeabi/bin/../lib/gcc/arm-none-eabi/7.2.1/../../../../arm-none-eabi/lib/thumb/v7e-m/fpv4-sp/hard/libc_nano.a(lib_a-malloc.o)
                0x000000000000c2a4                free
 .text.memcpy   0x000000000000c2b4       0x16 /root/.platformio/packages/toolchain-gccarmnoneeabi/bin/../lib/gcc/arm-none-eabi/7.2.1/../../../../arm-none-eabi/lib/thumb/v7e-m/fpv4-sp/hard/libc_nano.a(lib_a-memcpy-stub.o)
                0x000000000000c2b4                memcpy
 .text.memset   0x000000000000c2ca       0x10 /root/.platformio/packages/toolchain-gccarmnoneeabi/bin/../lib/gcc/arm-none-eabi/7.2.1/../../../../arm-none-eabi/lib/thumb/v7e-m/fpv4-sp/hard/libc_nano.a(lib_a-memset.o)
                0x000000000000c2ca                memset
 *fill*         0x000000000000c2da        0x2 ff
 .text._free_r  0x000000000000c2dc       0x9c /root/.platformio/packages/toolchain-gccarmnoneeabi/bin/../lib/gcc/arm-none-eabi/7.2.1/../../../../arm-none-eabi/lib/thumb/v7e-m/fpv4-sp/hard/libc_nano.a(lib_a-nano-freer.o)
                0x000000000000c2dc                _free_r
 .text._malloc_r
                0x000000000000c378       0xb4 /root/.platformio/packages/toolchain-gccarmnoneeabi/bin/../lib/gcc/arm-none-eabi/7.2.1/../../../../arm-none-eabi/lib/thumb/v7e-m/fpv4-sp/hard/libc_nano.a(lib_a-nano-mallocr.o)
                0x000000000000c378                _malloc_r
 .text._sbrk_r  0x000000000000c42c       0x20 /root/.platformio/packages/toolchain-gccarmnoneeabi/bin/../lib/gcc/arm-none-eabi/7.2.1/../../../../arm-none-eabi/lib/thumb/v7e-m/fpv4-sp/hard/libc_nano.a(lib_a-sbrkr.o)
                0x000000000000c42c                _sbrk_r
 .text._raise_r
                0x000000000000c44c       0x50 /root/.platformio/packages/toolchain-gccarmnoneeabi/bin/../lib/gcc/arm-none-eabi/7.2.1/../../../../arm-none-eabi/lib/thumb/v7e-m/fpv4-sp/hard/libc_nano.a(lib_a-signal.o)
                0x000000000000c44c                _raise_r
 .text.raise    0x000000000000c49c       0x10 /root/.platformio/packages/toolchain-gccarmnoneeabi/bin/../lib/gcc/arm-none-eabi/7.2.1/../../../../arm-none-eabi/lib/thumb/v7e-m/fpv4-sp/hard/libc_nano.a(lib_a-signal.o)
                0x000000000000c49c                raise
 .text._kill_r  0x000000000000c4ac       0x24 /root/.platformio/packages/toolchain-gccarmnoneeabi/bin/../lib/gcc/arm-none-eabi/7.2.1/../../../../arm-none-eabi/lib/thumb/v7e-m/fpv4-sp/hard/libc_nano.a(lib_a-signalr.o)
                0x000000000000c4ac                _kill_r
 .text._getpid_r
                0x000000000000c4d0        0x4 /root/.platformio/packages/toolchain-gccarmnoneeabi/bin/../lib/gcc/arm-none-eabi/7.2.1/../../../../arm-none-eabi/lib/thumb/v7e-m/fpv4-sp/hard/libc_nano.a(lib_a-signalr.o)
                0x000000000000c4d0                _getpid_r
 .text          0x000000000000c4d4       0x10 /root/.platformio/packages/toolchain-gccarmnoneeabi/bin/../lib/gcc/arm-none-eabi/7.2.1/../../../../arm-none-eabi/lib/thumb/v7e-m/fpv4-sp/hard/libc_nano.a(lib_a-strlen.o)
                0x000000000000c4d4                strlen
 .text.__malloc_lock
                0x000000000000c4e4        0x2 /root/.platformio/packages/toolchain-gccarmnoneeabi/bin/../lib/gcc/arm-none-eabi/7.2.1/../../../../arm-none-eabi/lib/thumb/v7e-m/fpv4-sp/hard/libc_nano.a(lib_a-mlock.o)
                0x000000000000c4e4                __malloc_lock
 .text.__malloc_unlock
                0x000000000000c4e6        0x2 /root/.platformio/packages/toolchain-gccarmnoneeabi/bin/../lib/gcc/arm-none-eabi/7.2.1/../../../../arm-none-eabi/lib/thumb/v7e-m/fpv4-sp/hard/libc_nano.a(lib_a-mlock.o)
                0x000000000000c4e6                __malloc_unlock
 .text._getpid  0x000000000000c4e8       0x10 /root/.platformio/packages/toolchain-gccarmnoneeabi/bin/../lib/gcc/arm-none-eabi/7.2.1/../../../../arm-none-eabi/lib/thumb/v7e-m/fpv4-sp/hard/libnosys.a(getpid.o)
                0x000000000000c4e8                _getpid
 .text._kill    0x000000000000c4f8       0x10 /root/.platformio/packages/toolchain-gccarmnoneeabi/bin/../lib/gcc/arm-none-eabi/7.2.1/../../../../arm-none-eabi/lib/thumb/v7e-m/fpv4-sp/hard/libnosys.a(kill.o)
                0x000000000000c4f8                _kill
 .text._sbrk    0x000000000000c508       0x1c /root/.platformio/packages/toolchain-gccarmnoneeabi/bin/../lib/gcc/arm-none-eabi/7.2.1/../../../../arm-none-eabi/lib/thumb/v7e-m/fpv4-sp/hard/libnosys.a(sbrk.o)
                0x000000000000c508                _sbrk
 .text._exit    0x000000000000c524        0x4 /root/.platformio/packages/toolchain-gccarmnoneeabi/bin/../lib/gcc/arm-none-eabi/7.2.1/../../../../arm-none-eabi/lib/thumb/v7e-m/fpv4-sp/hard/libnosys.a(_exit.o)
                0x000000000000c524                _exit
 *(.version)
 .version       0x000000000000c528       0x50 /root/.platformio/packages/framework-arduinorenesas-uno/variants/MINIMA/libs/libfsp.a(bsp_common.o)
 *(.init)
 .init          0x000000000000c578        0x4 /root/.platformio/packages/toolchain-gccarmnoneeabi/bin/../lib/gcc/arm-none-eabi/7.2.1/thumb/v7e-m/fpv4-sp/hard/crti.o
                0x000000000000c578                _init
 .init          0x000000000000c57c        0x8 /root/.platformio/packages/toolchain-gccarmnoneeabi/bin/../lib/gcc/arm-none-eabi/7.2.1/thumb/v7e-m/fpv4-sp/hard/crtn.o
 *(.fini)
 .fini          0x000000000000c584        0x4 /root/.platformio/packages/toolchain-gccarmnoneeabi/bin/../lib/gcc/arm-none-eabi/7.2.1/thumb/v7e-m/fpv4-sp/hard/crti.o
                0x000000000000c584                _fini
 .fini          0x000000000000c588        0x8 /root/.platformio/packages/toolchain-gccarmnoneeabi/bin/../lib/gcc/arm-none-eabi/7.2.1/thumb/v7e-m/fpv4-sp/hard/crtn.o
 *crtbegin.o(.ctors)
 *crtbegin?.o(.ctors)
 *(EXCLUDE_FILE(*crtend.o *crtend?.o) .ctors)
 *(SORT_BY_NAME(.ctors.*))
 *(.ctors)
 *crtbegin.o(.dtors)
 *crtbegin?.o(.dtors)
 *(EXCLUDE_FILE(*crtend.o *crtend?.o) .dtors)
 *(SORT_BY_NAME(.dtors.*))
 *(.dtors)
 *(.rodata*)
 .rodata.loop.str1.1
                0x000000000000c590        0xd .pio/build/uno_r4_minima/src/main.cpp.o
 .rodata._ZN7arduino5Print10printFloatEdi.str1.1
                0x000000000000c59d        0xe .pio/build/uno_r4_minima/libFrameworkArduino.a(Print.cpp.o)
 .rodata._ZN7arduino5Print7printlnEv.str1.1
                0x000000000000c5ab        0x3 .pio/build/uno_r4_minima/libFrameworkArduino.a(Print.cpp.o)
 *fill*         0x000000000000c5ae        0x2 ff
 .rodata._ZTV10_SerialUSB
                0x000000000000c5b0       0x34 .pio/build/uno_r4_minima/libFrameworkArduino.a(SerialUSB.cpp.o)
                0x000000000000c5b0                vtable for _SerialUSB
 .rodata._ZZ24tud_descriptor_string_cbE13usbd_desc_str
                0x000000000000c5e4       0x18 .pio/build/uno_r4_minima/libFrameworkArduino.a(USB.cpp.o)
 .rodata.str1.1
                0x000000000000c5fc       0x2b .pio/build/uno_r4_minima/libFrameworkArduino.a(USB.cpp.o)
                                         0x2c (size before relaxing)
 .rodata.g_interrupt_event_link_select
                0x000000000000c627       0x20 .pio/build/uno_r4_minima/libFrameworkArduino.a(vector_table.c.o)
                0x000000000000c627                g_interrupt_event_link_select
 .rodata.CSWTCH.44
                0x000000000000c647        0x6 .pio/build/uno_r4_minima/libFrameworkArduino.a(analog.cpp.o)
 .rodata.CSWTCH.72
                0x000000000000c64d        0x5 .pio/build/uno_r4_minima/libFrameworkArduino.a(analog.cpp.o)
 *fill*         0x000000000000c652        0x2 ff
 .rodata._usbd_driver
                0x000000000000c654       0x48 .pio/build/uno_r4_minima/libFrameworkArduino.a(usbd.c.o)
 .rodata.g_wdtcr_timeout
                0x000000000000c69c        0x7 /root/.platformio/packages/framework-arduinorenesas-uno/variants/MINIMA/libs/libfsp.a(r_wdt.o)
 *fill*         0x000000000000c6a3        0x1 ff
 .rodata.adc_elc_trigger_lut
                0x000000000000c6a4        0xc /root/.platformio/packages/framework-arduinorenesas-uno/variants/MINIMA/libs/libfsp.a(r_adc.o)
 .rodata.g_prcr_masks
                0x000000000000c6b0        0x8 /root/.platformio/packages/framework-arduinorenesas-uno/variants/MINIMA/libs/libfsp.a(bsp_register_protection.o)
 .rodata._ZL4P000
                0x000000000000c6b8        0x4 .pio/build/uno_r4_minima/libFrameworkArduinoVariant.a(variant.cpp.o)
 .rodata._ZL4P001
                0x000000000000c6bc        0x4 .pio/build/uno_r4_minima/libFrameworkArduinoVariant.a(variant.cpp.o)
 .rodata._ZL4P002
                0x000000000000c6c0        0x4 .pio/build/uno_r4_minima/libFrameworkArduinoVariant.a(variant.cpp.o)
 .rodata._ZL4P012
                0x000000000000c6c4        0x2 .pio/build/uno_r4_minima/libFrameworkArduinoVariant.a(variant.cpp.o)
 .rodata._ZL4P013
                0x000000000000c6c6        0x2 .pio/build/uno_r4_minima/libFrameworkArduinoVariant.a(variant.cpp.o)
 .rodata._ZL4P100
                0x000000000000c6c8        0xe .pio/build/uno_r4_minima/libFrameworkArduinoVariant.a(variant.cpp.o)
 .rodata._ZL4P101
                0x000000000000c6d6        0xe .pio/build/uno_r4_minima/libFrameworkArduinoVariant.a(variant.cpp.o)
 .rodata._ZL4P102
                0x000000000000c6e4        0xc .pio/build/uno_r4_minima/libFrameworkArduinoVariant.a(variant.cpp.o)
 .rodata._ZL4P103
                0x000000000000c6f0        0x8 .pio/build/uno_r4_minima/libFrameworkArduinoVariant.a(variant.cpp.o)
 .rodata._ZL4P104
                0x000000000000c6f8        0x6 .pio/build/uno_r4_minima/libFrameworkArduinoVariant.a(variant.cpp.o)
 .rodata._ZL4P105
                0x000000000000c6fe        0x4 .pio/build/uno_r4_minima/libFrameworkArduinoVariant.a(variant.cpp.o)
 .rodata._ZL4P106
                0x000000000000c702        0x2 .pio/build/uno_r4_minima/libFrameworkArduinoVariant.a(variant.cpp.o)
 .rodata._ZL4P107
                0x000000000000c704        0x2 .pio/build/uno_r4_minima/libFrameworkArduinoVariant.a(variant.cpp.o)
 .rodata._ZL4P108
                0x000000000000c706        0x4 .pio/build/uno_r4_minima/libFrameworkArduinoVariant.a(variant.cpp.o)
 .rodata._ZL4P109
                0x000000000000c70a        0xa .pio/build/uno_r4_minima/libFrameworkArduinoVariant.a(variant.cpp.o)
 .rodata._ZL4P110
                0x000000000000c714        0xc .pio/build/uno_r4_minima/libFrameworkArduinoVariant.a(variant.cpp.o)
 .rodata._ZL4P111
                0x000000000000c720        0xa .pio/build/uno_r4_minima/libFrameworkArduinoVariant.a(variant.cpp.o)
 .rodata._ZL4P112
                0x000000000000c72a        0x6 .pio/build/uno_r4_minima/libFrameworkArduinoVariant.a(variant.cpp.o)
 .rodata._ZL4P300
                0x000000000000c730        0x2 .pio/build/uno_r4_minima/libFrameworkArduinoVariant.a(variant.cpp.o)
 .rodata._ZL4P301
                0x000000000000c732        0x8 .pio/build/uno_r4_minima/libFrameworkArduinoVariant.a(variant.cpp.o)
 .rodata._ZL4P302
                0x000000000000c73a        0x6 .pio/build/uno_r4_minima/libFrameworkArduinoVariant.a(variant.cpp.o)
 .rodata._ZL4P303
                0x000000000000c740        0x2 .pio/build/uno_r4_minima/libFrameworkArduinoVariant.a(variant.cpp.o)
 .rodata._ZL4P304
                0x000000000000c742        0x4 .pio/build/uno_r4_minima/libFrameworkArduinoVariant.a(variant.cpp.o)
 .rodata._ZL4P500
                0x000000000000c746        0x4 .pio/build/uno_r4_minima/libFrameworkArduinoVariant.a(variant.cpp.o)
 .rodata._ZL4P501
                0x000000000000c74a        0x8 .pio/build/uno_r4_minima/libFrameworkArduinoVariant.a(variant.cpp.o)
 .rodata._ZL4P502
                0x000000000000c752        0x8 .pio/build/uno_r4_minima/libFrameworkArduinoVariant.a(variant.cpp.o)
 .rodata._ZL6P014_b
                0x000000000000c75a        0x4 .pio/build/uno_r4_minima/libFrameworkArduinoVariant.a(variant.cpp.o)
 *fill*         0x000000000000c75e        0x2 ff
 .rodata.g_pin_cfg
                0x000000000000c760       0xd8 .pio/build/uno_r4_minima/libFrameworkArduinoVariant.a(variant.cpp.o)
                0x000000000000c760                g_pin_cfg
 *(.eh_frame*)
 .eh_frame      0x000000000000c838        0x0 /root/.platformio/packages/toolchain-gccarmnoneeabi/bin/../lib/gcc/arm-none-eabi/7.2.1/thumb/v7e-m/fpv4-sp/hard/crtbegin.o
 .eh_frame      0x000000000000c838        0x4 /root/.platformio/packages/toolchain-gccarmnoneeabi/bin/../lib/gcc/arm-none-eabi/7.2.1/thumb/v7e-m/fpv4-sp/hard/crtend.o
                0x000000000000c83c                __ROM_End = .
                0x00000000000000c0                __Vectors_Size = (__Vectors_End - __Vectors)

.glue_7         0x000000000000c83c        0x0
 .glue_7        0x000000000000c83c        0x0 linker stubs

.glue_7t        0x000000000000c83c        0x0
 .glue_7t       0x000000000000c83c        0x0 linker stubs

.vfp11_veneer   0x000000000000c83c        0x0
 .vfp11_veneer  0x000000000000c83c        0x0 linker stubs

.v4_bx          0x000000000000c83c        0x0
 .v4_bx         0x000000000000c83c        0x0 linker stubs

.iplt           0x000000000000c83c        0x0
 .iplt          0x000000000000c83c        0x0 /root/.platformio/packages/toolchain-gccarmnoneeabi/bin/../lib/gcc/arm-none-eabi/7.2.1/thumb/v7e-m/fpv4-sp/hard/crtbegin.o

.rel.dyn        0x000000000000c83c        0x0
 .rel.iplt      0x000000000000c83c        0x0 /root/.platformio/packages/toolchain-gccarmnoneeabi/bin/../lib/gcc/arm-none-eabi/7.2.1/thumb/v7e-m/fpv4-sp/hard/crtbegin.o

.ARM.extab
 *(.ARM.extab* .gnu.linkonce.armextab.*)
                0x000000000000c83c                __exidx_start = .

.ARM.exidx
 *(.ARM.exidx* .gnu.linkonce.armexidx.*)
                0x000000000000c83c                __exidx_end = .
                0x000000000000c83c                __etext = .
                0x0000000020000000                __tz_RAM_S = ORIGIN (RAM)

.fsp_dtc_vector_table
                0x0000000020000000        0x0
                0x0000000020000000                . = ORIGIN (RAM)
 *(.fsp_dtc_vector_table)

.data           0x0000000020000000       0xb8 load address 0x000000000000c83c
                0x0000000020000000                __data_start__ = .
                0x0000000020000000                . = ALIGN (0x4)
                0x0000000020000000                __Code_In_RAM_Start = .
 *(.code_in_ram*)
                0x0000000020000000                __Code_In_RAM_End = .
 *(vtable)
 *(.data.*)
 .data._ZZN10_SerialUSBcvbEvE10first_call
                0x0000000020000000        0x1 .pio/build/uno_r4_minima/libFrameworkArduino.a(SerialUSB.cpp.o)
 .data._ZZ24tud_descriptor_device_cbE16usbd_desc_device
                0x0000000020000001       0x12 .pio/build/uno_r4_minima/libFrameworkArduino.a(USB.cpp.o)
 *fill*         0x0000000020000013        0x1 
 .data._ZL30_analogRequestedReadResolution
                0x0000000020000014        0x4 .pio/build/uno_r4_minima/libFrameworkArduino.a(analog.cpp.o)
 .data._usbd_qdef
                0x0000000020000018       0x10 .pio/build/uno_r4_minima/libFrameworkArduino.a(usbd.c.o)
                0x0000000020000018                _usbd_qdef
 .data._usbd_rhport
                0x0000000020000028        0x1 .pio/build/uno_r4_minima/libFrameworkArduino.a(usbd.c.o)
 *fill*         0x0000000020000029        0x3 
 .data.rusb2_controller
                0x000000002000002c        0x8 .pio/build/uno_r4_minima/libFrameworkArduino.a(rusb2_common.c.o)
                0x000000002000002c                rusb2_controller
 .data._impure_ptr
                0x0000000020000034        0x4 /root/.platformio/packages/toolchain-gccarmnoneeabi/bin/../lib/gcc/arm-none-eabi/7.2.1/../../../../arm-none-eabi/lib/thumb/v7e-m/fpv4-sp/hard/libc_nano.a(lib_a-impure.o)
                0x0000000020000034                _impure_ptr
 .data.impure_data
                0x0000000020000038       0x60 /root/.platformio/packages/toolchain-gccarmnoneeabi/bin/../lib/gcc/arm-none-eabi/7.2.1/../../../../arm-none-eabi/lib/thumb/v7e-m/fpv4-sp/hard/libc_nano.a(lib_a-impure.o)
 *(.data)
                0x0000000020000098                . = ALIGN (0x4)
                0x0000000020000098                PROVIDE (__preinit_array_start, .)
 *(.preinit_array)
                0x0000000020000098                PROVIDE (__preinit_array_end, .)
                0x0000000020000098                . = ALIGN (0x4)
                0x0000000020000098                PROVIDE (__init_array_start, .)
 *(SORT_BY_NAME(.init_array.*))
 *(.init_array)
 .init_array    0x0000000020000098        0x4 /root/.platformio/packages/toolchain-gccarmnoneeabi/bin/../lib/gcc/arm-none-eabi/7.2.1/thumb/v7e-m/fpv4-sp/hard/crtbegin.o
 .init_array    0x000000002000009c        0x4 .pio/build/uno_r4_minima/libFrameworkArduino.a(time.cpp.o)
 .init_array    0x00000000200000a0        0x4 .pio/build/uno_r4_minima/libFrameworkArduino.a(SerialUSB.cpp.o)
 .init_array    0x00000000200000a4        0x4 .pio/build/uno_r4_minima/libFrameworkArduino.a(analog.cpp.o)
 .init_array    0x00000000200000a8        0x4 .pio/build/uno_r4_minima/libFrameworkArduino.a(dac.cpp.o)
                0x00000000200000ac                PROVIDE (__init_array_end, .)
                0x00000000200000ac                . = ALIGN (0x4)
                [!provide]                        PROVIDE (__fini_array_start, .)
 *(SORT_BY_NAME(.fini_array.*))
 *(.fini_array)
 .fini_array    0x00000000200000ac        0x4 /root/.platformio/packages/toolchain-gccarmnoneeabi/bin/../lib/gcc/arm-none-eabi/7.2.1/thumb/v7e-m/fpv4-sp/hard/crtbegin.o
 .fini_array    0x00000000200000b0        0x4 .pio/build/uno_r4_minima/libFrameworkArduino.a(time.cpp.o)
 .fini_array    0x00000000200000b4        0x4 .pio/build/uno_r4_minima/libFrameworkArduino.a(analog.cpp.o)
                [!provide]                        PROVIDE (__fini_array_end, .)
 *(.jcr*)
                0x00000000200000b8                . = ALIGN (0x4)
                0x00000000200000b8                __data_end__ = .

.igot.plt       0x00000000200000b8        0x0 load address 0x000000000000c8f4
 .igot.plt      0x00000000200000b8        0x0 /root/.platformio/packages/toolchain-gccarmnoneeabi/bin/../lib/gcc/arm-none-eabi/7.2.1/thumb/v7e-m/fpv4-sp/hard/crtbegin.o

.noinit         0x00000000200000b8       0x18 load address 0x000000000000c8f4
                0x00000000200000b8                . = ALIGN (0x4)
                0x00000000200000b8                __noinit_start = .
 *(.noinit*)
 .noinit        0x00000000200000b8       0x18 /root/.platformio/packages/framework-arduinorenesas-uno/variants/MINIMA/libs/libfsp.a(bsp_clocks.o)
                0x00000000200000d0                . = ALIGN (0x8)
 *(.heap.*)
                0x00000000200000d0                __noinit_end = .

.bss            0x00000000200000d0      0x920 load address 0x000000000000c8f4
                0x00000000200000d0                . = ALIGN (0x4)
                0x00000000200000d0                __bss_start__ = .
 *(.bss*)
 .bss           0x00000000200000d0       0x1c /root/.platformio/packages/toolchain-gccarmnoneeabi/bin/../lib/gcc/arm-none-eabi/7.2.1/thumb/v7e-m/fpv4-sp/hard/crtbegin.o
 .bss.duration  0x00000000200000ec        0x4 .pio/build/uno_r4_minima/src/main.cpp.o
                0x00000000200000ec                duration
 .bss.irq_vector_table
                0x00000000200000f0        0x4 .pio/build/uno_r4_minima/libFrameworkArduino.a(main.cpp.o)
                0x00000000200000f0                irq_vector_table
 .bss._ZL9agt_timer
                0x00000000200000f4       0x38 .pio/build/uno_r4_minima/libFrameworkArduino.a(time.cpp.o)
 .bss.agt_time_ms
                0x000000002000012c        0x4 .pio/build/uno_r4_minima/libFrameworkArduino.a(time.cpp.o)
                0x000000002000012c                agt_time_ms
 .bss.SerialUSB
                0x0000000020000130       0x14 .pio/build/uno_r4_minima/libFrameworkArduino.a(SerialUSB.cpp.o)
                0x0000000020000130                SerialUSB
 .bss._ZN10_SerialUSB4_bpsE
                0x0000000020000144        0x4 .pio/build/uno_r4_minima/libFrameworkArduino.a(SerialUSB.cpp.o)
                0x0000000020000144                _SerialUSB::_bps
 .bss._ZN10_SerialUSB4_dtrE
                0x0000000020000148        0x1 .pio/build/uno_r4_minima/libFrameworkArduino.a(SerialUSB.cpp.o)
                0x0000000020000148                _SerialUSB::_dtr
 .bss._ZN10_SerialUSB4_rtsE
                0x0000000020000149        0x1 .pio/build/uno_r4_minima/libFrameworkArduino.a(SerialUSB.cpp.o)
                0x0000000020000149                _SerialUSB::_rts
 *fill*         0x000000002000014a        0x2 
 .bss._ZN10_SerialUSB5_bitsE
                0x000000002000014c        0x4 .pio/build/uno_r4_minima/libFrameworkArduino.a(SerialUSB.cpp.o)
                0x000000002000014c                _SerialUSB::_bits
 .bss._ZN10_SerialUSB5_stopE
                0x0000000020000150        0x4 .pio/build/uno_r4_minima/libFrameworkArduino.a(SerialUSB.cpp.o)
                0x0000000020000150                _SerialUSB::_stop
 .bss._ZN10_SerialUSB7_parityE
                0x0000000020000154        0x4 .pio/build/uno_r4_minima/libFrameworkArduino.a(SerialUSB.cpp.o)
                0x0000000020000154                _SerialUSB::_parity
 .bss.is_watchdog_reset_in_progress_for_upload
                0x0000000020000158        0x1 .pio/build/uno_r4_minima/libFrameworkArduino.a(SerialUSB.cpp.o)
                0x0000000020000158                is_watchdog_reset_in_progress_for_upload
 *fill*         0x0000000020000159        0x3 
 .bss._ZL13usbd_desc_cfg
                0x000000002000015c        0x4 .pio/build/uno_r4_minima/libFrameworkArduino.a(USB.cpp.o)
 .bss._ZZ24tud_descriptor_string_cbE8desc_str
                0x0000000020000160       0x42 .pio/build/uno_r4_minima/libFrameworkArduino.a(USB.cpp.o)
 .bss._ZZ24tud_descriptor_string_cbE8idString